Archive member included to satisfy reference by file (symbol)

/app/stm32cubeide/plugins/com.st.stm32cube.ide.mcu.externaltools.gnu-tools-for-stm32.10.3-2021.10.linux64_1.0.200.202301161003/tools/bin/../lib/gcc/arm-none-eabi/10.3.1/../../../../arm-none-eabi/lib/thumb/v7-m/nofp/libc_nano.a(lib_a-assert.o)
                              ./Core/Src/picohttpparser.o (__assert_func)
/app/stm32cubeide/plugins/com.st.stm32cube.ide.mcu.externaltools.gnu-tools-for-stm32.10.3-2021.10.linux64_1.0.200.202301161003/tools/bin/../lib/gcc/arm-none-eabi/10.3.1/../../../../arm-none-eabi/lib/thumb/v7-m/nofp/libc_nano.a(lib_a-calloc.o)
                              ./Core/Src/http_response.o (calloc)
/app/stm32cubeide/plugins/com.st.stm32cube.ide.mcu.externaltools.gnu-tools-for-stm32.10.3-2021.10.linux64_1.0.200.202301161003/tools/bin/../lib/gcc/arm-none-eabi/10.3.1/../../../../arm-none-eabi/lib/thumb/v7-m/nofp/libc_nano.a(lib_a-errno.o)
                              ./Core/Src/syscalls.o (__errno)
/app/stm32cubeide/plugins/com.st.stm32cube.ide.mcu.externaltools.gnu-tools-for-stm32.10.3-2021.10.linux64_1.0.200.202301161003/tools/bin/../lib/gcc/arm-none-eabi/10.3.1/../../../../arm-none-eabi/lib/thumb/v7-m/nofp/libc_nano.a(lib_a-exit.o)
                              /app/stm32cubeide/plugins/com.st.stm32cube.ide.mcu.externaltools.gnu-tools-for-stm32.10.3-2021.10.linux64_1.0.200.202301161003/tools/bin/../lib/gcc/arm-none-eabi/10.3.1/../../../../arm-none-eabi/lib/thumb/v7-m/nofp/crt0.o (exit)
/app/stm32cubeide/plugins/com.st.stm32cube.ide.mcu.externaltools.gnu-tools-for-stm32.10.3-2021.10.linux64_1.0.200.202301161003/tools/bin/../lib/gcc/arm-none-eabi/10.3.1/../../../../arm-none-eabi/lib/thumb/v7-m/nofp/libc_nano.a(lib_a-fprintf.o)
                              /app/stm32cubeide/plugins/com.st.stm32cube.ide.mcu.externaltools.gnu-tools-for-stm32.10.3-2021.10.linux64_1.0.200.202301161003/tools/bin/../lib/gcc/arm-none-eabi/10.3.1/../../../../arm-none-eabi/lib/thumb/v7-m/nofp/libc_nano.a(lib_a-assert.o) (fiprintf)
/app/stm32cubeide/plugins/com.st.stm32cube.ide.mcu.externaltools.gnu-tools-for-stm32.10.3-2021.10.linux64_1.0.200.202301161003/tools/bin/../lib/gcc/arm-none-eabi/10.3.1/../../../../arm-none-eabi/lib/thumb/v7-m/nofp/libc_nano.a(lib_a-impure.o)
                              /app/stm32cubeide/plugins/com.st.stm32cube.ide.mcu.externaltools.gnu-tools-for-stm32.10.3-2021.10.linux64_1.0.200.202301161003/tools/bin/../lib/gcc/arm-none-eabi/10.3.1/../../../../arm-none-eabi/lib/thumb/v7-m/nofp/libc_nano.a(lib_a-exit.o) (_global_impure_ptr)
/app/stm32cubeide/plugins/com.st.stm32cube.ide.mcu.externaltools.gnu-tools-for-stm32.10.3-2021.10.linux64_1.0.200.202301161003/tools/bin/../lib/gcc/arm-none-eabi/10.3.1/../../../../arm-none-eabi/lib/thumb/v7-m/nofp/libc_nano.a(lib_a-init.o)
                              /app/stm32cubeide/plugins/com.st.stm32cube.ide.mcu.externaltools.gnu-tools-for-stm32.10.3-2021.10.linux64_1.0.200.202301161003/tools/bin/../lib/gcc/arm-none-eabi/10.3.1/../../../../arm-none-eabi/lib/thumb/v7-m/nofp/crt0.o (__libc_init_array)
/app/stm32cubeide/plugins/com.st.stm32cube.ide.mcu.externaltools.gnu-tools-for-stm32.10.3-2021.10.linux64_1.0.200.202301161003/tools/bin/../lib/gcc/arm-none-eabi/10.3.1/../../../../arm-none-eabi/lib/thumb/v7-m/nofp/libc_nano.a(lib_a-malloc.o)
                              ./Core/Src/http_response.o (free)
/app/stm32cubeide/plugins/com.st.stm32cube.ide.mcu.externaltools.gnu-tools-for-stm32.10.3-2021.10.linux64_1.0.200.202301161003/tools/bin/../lib/gcc/arm-none-eabi/10.3.1/../../../../arm-none-eabi/lib/thumb/v7-m/nofp/libc_nano.a(lib_a-memcmp.o)
                              ./Core/Src/http_parser.o (memcmp)
/app/stm32cubeide/plugins/com.st.stm32cube.ide.mcu.externaltools.gnu-tools-for-stm32.10.3-2021.10.linux64_1.0.200.202301161003/tools/bin/../lib/gcc/arm-none-eabi/10.3.1/../../../../arm-none-eabi/lib/thumb/v7-m/nofp/libc_nano.a(lib_a-memmove.o)
                              ./Core/Src/http_parser.o (memmove)
/app/stm32cubeide/plugins/com.st.stm32cube.ide.mcu.externaltools.gnu-tools-for-stm32.10.3-2021.10.linux64_1.0.200.202301161003/tools/bin/../lib/gcc/arm-none-eabi/10.3.1/../../../../arm-none-eabi/lib/thumb/v7-m/nofp/libc_nano.a(lib_a-memset.o)
                              /app/stm32cubeide/plugins/com.st.stm32cube.ide.mcu.externaltools.gnu-tools-for-stm32.10.3-2021.10.linux64_1.0.200.202301161003/tools/bin/../lib/gcc/arm-none-eabi/10.3.1/../../../../arm-none-eabi/lib/thumb/v7-m/nofp/crt0.o (memset)
/app/stm32cubeide/plugins/com.st.stm32cube.ide.mcu.externaltools.gnu-tools-for-stm32.10.3-2021.10.linux64_1.0.200.202301161003/tools/bin/../lib/gcc/arm-none-eabi/10.3.1/../../../../arm-none-eabi/lib/thumb/v7-m/nofp/libc_nano.a(lib_a-nano-callocr.o)
[...]
Memory Configuration

Name             Origin             Length             Attributes
RAM              0x0000000020000000 0x0000000000005000 xrw
FLASH            0x0000000008000000 0x0000000000010000 xr
*default*        0x0000000000000000 0xffffffffffffffff

Linker script and memory map

LOAD /app/stm32cubeide/plugins/com.st.stm32cube.ide.mcu.externaltools.gnu-tools-for-stm32.10.3-2021.10.linux64_1.0.200.202301161003/tools/bin/../lib/gcc/arm-none-eabi/10.3.1/thumb/v7-m/nofp/crti.o
LOAD /app/stm32cubeide/plugins/com.st.stm32cube.ide.mcu.externaltools.gnu-tools-for-stm32.10.3-2021.10.linux64_1.0.200.202301161003/tools/bin/../lib/gcc/arm-none-eabi/10.3.1/thumb/v7-m/nofp/crtbegin.o
LOAD /app/stm32cubeide/plugins/com.st.stm32cube.ide.mcu.externaltools.gnu-tools-for-stm32.10.3-2021.10.linux64_1.0.200.202301161003/tools/bin/../lib/gcc/arm-none-eabi/10.3.1/../../../../arm-none-eabi/lib/thumb/v7-m/nofp/crt0.o
LOAD ./Core/Src/font.o
LOAD ./Core/Src/http.o
LOAD ./Core/Src/http_parser.o
LOAD ./Core/Src/http_response.o
LOAD ./Core/Src/led_control.o
LOAD ./Core/Src/main.o
LOAD ./Core/Src/picohttpparser.o
LOAD ./Core/Src/ssd1306.o
LOAD ./Core/Src/stm32f1xx_hal_msp.o
LOAD ./Core/Src/stm32f1xx_it.o
LOAD ./Core/Src/syscalls.o
LOAD ./Core/Src/sysmem.o
LOAD ./Core/Src/system_stm32f1xx.o
LOAD ./Core/Src/uart_utils.o
LOAD ./Core/Startup/startup_stm32f103c8tx.o
LOAD ./Drivers/STM32F1xx_HAL_Driver/Src/stm32f1xx_hal.o
LOAD ./Drivers/STM32F1xx_HAL_Driver/Src/stm32f1xx_hal_cortex.o
LOAD ./Drivers/STM32F1xx_HAL_Driver/Src/stm32f1xx_hal_dma.o
LOAD ./Drivers/STM32F1xx_HAL_Driver/Src/stm32f1xx_hal_exti.o
LOAD ./Drivers/STM32F1xx_HAL_Driver/Src/stm32f1xx_hal_flash.o
LOAD ./Drivers/STM32F1xx_HAL_Driver/Src/stm32f1xx_hal_flash_ex.o
LOAD ./Drivers/STM32F1xx_HAL_Driver/Src/stm32f1xx_hal_gpio.o
LOAD ./Drivers/STM32F1xx_HAL_Driver/Src/stm32f1xx_hal_gpio_ex.o
LOAD ./Drivers/STM32F1xx_HAL_Driver/Src/stm32f1xx_hal_i2c.o
LOAD ./Drivers/STM32F1xx_HAL_Driver/Src/stm32f1xx_hal_pwr.o
LOAD ./Drivers/STM32F1xx_HAL_Driver/Src/stm32f1xx_hal_rcc.o
LOAD ./Drivers/STM32F1xx_HAL_Driver/Src/stm32f1xx_hal_rcc_ex.o
LOAD ./Drivers/STM32F1xx_HAL_Driver/Src/stm32f1xx_hal_tim.o
LOAD ./Drivers/STM32F1xx_HAL_Driver/Src/stm32f1xx_hal_tim_ex.o
LOAD ./Drivers/STM32F1xx_HAL_Driver/Src/stm32f1xx_hal_uart.o
START GROUP
LOAD /app/stm32cubeide/plugins/com.st.stm32cube.ide.mcu.externaltools.gnu-tools-for-stm32.10.3-2021.10.linux64_1.0.200.202301161003/tools/bin/../lib/gcc/arm-none-eabi/10.3.1/../../../../arm-none-eabi/lib/thumb/v7-m/nofp/libc_nano.a
LOAD /app/stm32cubeide/plugins/com.st.stm32cube.ide.mcu.externaltools.gnu-tools-for-stm32.10.3-2021.10.linux64_1.0.200.202301161003/tools/bin/../lib/gcc/arm-none-eabi/10.3.1/../../../../arm-none-eabi/lib/thumb/v7-m/nofp/libm.a
END GROUP
START GROUP
LOAD /app/stm32cubeide/plugins/com.st.stm32cube.ide.mcu.externaltools.gnu-tools-for-stm32.10.3-2021.10.linux64_1.0.200.202301161003/tools/bin/../lib/gcc/arm-none-eabi/10.3.1/thumb/v7-m/nofp/libgcc.a
LOAD /app/stm32cubeide/plugins/com.st.stm32cube.ide.mcu.externaltools.gnu-tools-for-stm32.10.3-2021.10.linux64_1.0.200.202301161003/tools/bin/../lib/gcc/arm-none-eabi/10.3.1/../../../../arm-none-eabi/lib/thumb/v7-m/nofp/libc_nano.a
END GROUP
START GROUP
LOAD /app/stm32cubeide/plugins/com.st.stm32cube.ide.mcu.externaltools.gnu-tools-for-stm32.10.3-2021.10.linux64_1.0.200.202301161003/tools/bin/../lib/gcc/arm-none-eabi/10.3.1/thumb/v7-m/nofp/libgcc.a
LOAD /app/stm32cubeide/plugins/com.st.stm32cube.ide.mcu.externaltools.gnu-tools-for-stm32.10.3-2021.10.linux64_1.0.200.202301161003/tools/bin/../lib/gcc/arm-none-eabi/10.3.1/../../../../arm-none-eabi/lib/thumb/v7-m/nofp/libc_nano.a
LOAD /app/stm32cubeide/plugins/com.st.stm32cube.ide.mcu.externaltools.gnu-tools-for-stm32.10.3-2021.10.linux64_1.0.200.202301161003/tools/bin/../lib/gcc/arm-none-eabi/10.3.1/../../../../arm-none-eabi/lib/thumb/v7-m/nofp/libnosys.a
END GROUP
START GROUP
LOAD /app/stm32cubeide/plugins/com.st.stm32cube.ide.mcu.externaltools.gnu-tools-for-stm32.10.3-2021.10.linux64_1.0.200.202301161003/tools/bin/../lib/gcc/arm-none-eabi/10.3.1/thumb/v7-m/nofp/libgcc.a
LOAD /app/stm32cubeide/plugins/com.st.stm32cube.ide.mcu.externaltools.gnu-tools-for-stm32.10.3-2021.10.linux64_1.0.200.202301161003/tools/bin/../lib/gcc/arm-none-eabi/10.3.1/../../../../arm-none-eabi/lib/thumb/v7-m/nofp/libc_nano.a
LOAD /app/stm32cubeide/plugins/com.st.stm32cube.ide.mcu.externaltools.gnu-tools-for-stm32.10.3-2021.10.linux64_1.0.200.202301161003/tools/bin/../lib/gcc/arm-none-eabi/10.3.1/../../../../arm-none-eabi/lib/thumb/v7-m/nofp/libnosys.a
END GROUP
LOAD /app/stm32cubeide/plugins/com.st.stm32cube.ide.mcu.externaltools.gnu-tools-for-stm32.10.3-2021.10.linux64_1.0.200.202301161003/tools/bin/../lib/gcc/arm-none-eabi/10.3.1/thumb/v7-m/nofp/crtend.o
LOAD /app/stm32cubeide/plugins/com.st.stm32cube.ide.mcu.externaltools.gnu-tools-for-stm32.10.3-2021.10.linux64_1.0.200.202301161003/tools/bin/../lib/gcc/arm-none-eabi/10.3.1/thumb/v7-m/nofp/crtn.o
                0x0000000020005000                _estack = (ORIGIN (RAM) + LENGTH (RAM))
                0x0000000000000200                _Min_Heap_Size = 0x200
                0x0000000000000400                _Min_Stack_Size = 0x400

.isr_vector     0x0000000008000000      0x10c
                0x0000000008000000                . = ALIGN (0x4)
 *(.isr_vector)
 .isr_vector    0x0000000008000000      0x10c ./Core/Startup/startup_stm32f103c8tx.o
                0x0000000008000000                g_pfnVectors
                0x000000000800010c                . = ALIGN (0x4)

.text           0x000000000800010c     0x4354
                0x000000000800010c                . = ALIGN (0x4)
 *(.text)
 .text          0x000000000800010c       0x40 /app/stm32cubeide/plugins/com.st.stm32cube.ide.mcu.externaltools.gnu-tools-for-stm32.10.3-2021.10.linux64_1.0.200.202301161003/tools/bin/../lib/gcc/arm-none-eabi/10.3.1/thumb/v7-m/nofp/crtbegin.o
 .text          0x000000000800014c       0x10 /app/stm32cubeide/plugins/com.st.stm32cube.ide.mcu.externaltools.gnu-tools-for-stm32.10.3-2021.10.linux64_1.0.200.202301161003/tools/bin/../lib/gcc/arm-none-eabi/10.3.1/../../../../arm-none-eabi/lib/thumb/v7-m/nofp/libc_nano.a(lib_a-strlen.o)
                0x000000000800014c                strlen
 *(.text*)
 .text.handle_root_request
                0x000000000800015c       0x18 ./Core/Src/http.o
 .text.handle_send_text
                0x0000000008000174       0xb0 ./Core/Src/http.o
 .text.handle_get_request
                0x0000000008000224       0x40 ./Core/Src/http.o
 .text.handle_post_request
                0x0000000008000264       0x16 ./Core/Src/http.o
 *fill*         0x000000000800027a        0x2 
 .text.handle_http_header_end
                0x000000000800027c       0x8c ./Core/Src/http.o
 .text.http_handler
                0x0000000008000308       0x10 ./Core/Src/http.o
                0x0000000008000308                http_handler
 .text.http_method_is
                0x0000000008000318       0x44 ./Core/Src/http_parser.o
                0x0000000008000318                http_method_is
 .text.is_path_match
                0x000000000800035c       0x44 ./Core/Src/http_parser.o
                0x000000000800035c                is_path_match
 .text.is_query_path
                0x00000000080003a0       0x4a ./Core/Src/http_parser.o
                0x00000000080003a0                is_query_path
 .text.parse_http_request
                0x00000000080003ea       0x5a ./Core/Src/http_parser.o
                0x00000000080003ea                parse_http_request
 .text.extract_query_param
                0x0000000008000444       0x42 ./Core/Src/http_parser.o
                0x0000000008000444                extract_query_param
 *fill*         0x0000000008000486        0x2 
 .text.generate_http_response
                0x0000000008000488       0x98 ./Core/Src/http_response.o
                0x0000000008000488                generate_http_response
 .text.send_http_response
                0x0000000008000520       0x28 ./Core/Src/http_response.o
                0x0000000008000520                send_http_response
 .text.send_html_response
                0x0000000008000548       0x34 ./Core/Src/http_response.o
                0x0000000008000548                send_html_response
 .text.process_led_control
                0x000000000800057c       0x8c ./Core/Src/led_control.o
                0x000000000800057c                process_led_control
 .text.main     0x0000000008000608       0x34 ./Core/Src/main.o
                0x0000000008000608                main
 .text.SystemClock_Config
                0x000000000800063c       0x8a ./Core/Src/main.o
                0x000000000800063c                SystemClock_Config
 *fill*         0x00000000080006c6        0x2 
 .text.MX_I2C1_Init
                0x00000000080006c8       0x5c ./Core/Src/main.o
 .text.MX_USART1_UART_Init
                0x0000000008000724       0x54 ./Core/Src/main.o
 .text.MX_USART2_UART_Init
                0x0000000008000778       0x54 ./Core/Src/main.o
 .text.MX_GPIO_Init
                0x00000000080007cc       0x94 ./Core/Src/main.o
 .text.Error_Handler
                0x0000000008000860        0xa ./Core/Src/main.o
                0x0000000008000860                Error_Handler
 .text.findchar_fast
                0x000000000800086a       0x20 ./Core/Src/picohttpparser.o
 .text.get_token_to_eol
                0x000000000800088a      0x250 ./Core/Src/picohttpparser.o
 .text.is_complete
                0x0000000008000ada       0xc2 ./Core/Src/picohttpparser.o
 .text.parse_token
                0x0000000008000b9c       0xa8 ./Core/Src/picohttpparser.o
 .text.parse_http_version
                0x0000000008000c44      0x10a ./Core/Src/picohttpparser.o
 .text.parse_headers
                0x0000000008000d4e      0x1ce ./Core/Src/picohttpparser.o
 .text.parse_request
                0x0000000008000f1c      0x214 ./Core/Src/picohttpparser.o
 .text.phr_parse_request
                0x0000000008001130       0xa8 ./Core/Src/picohttpparser.o
                0x0000000008001130                phr_parse_request
 .text.width    0x00000000080011d8        0xe ./Core/Src/ssd1306.o
 .text.height   0x00000000080011e6        0xe ./Core/Src/ssd1306.o
 .text.ssd1306_GetWidth
                0x00000000080011f4        0xe ./Core/Src/ssd1306.o
                0x00000000080011f4                ssd1306_GetWidth
 .text.ssd1306_GetHeight
                0x0000000008001202        0xe ./Core/Src/ssd1306.o
                0x0000000008001202                ssd1306_GetHeight
 .text.ssd1306_SetColor
                0x0000000008001210       0x20 ./Core/Src/ssd1306.o
                0x0000000008001210                ssd1306_SetColor
 .text.ssd1306_Init
                0x0000000008001230      0x134 ./Core/Src/ssd1306.o
                0x0000000008001230                ssd1306_Init
 .text.ssd1306_UpdateScreen
                0x0000000008001364       0x54 ./Core/Src/ssd1306.o
                0x0000000008001364                ssd1306_UpdateScreen
 .text.ssd1306_DrawPixel
                0x00000000080013b8       0xec ./Core/Src/ssd1306.o
                0x00000000080013b8                ssd1306_DrawPixel
 .text.ssd1306_WriteChar
                0x00000000080014a4      0x124 ./Core/Src/ssd1306.o
                0x00000000080014a4                ssd1306_WriteChar
 .text.ssd1306_WriteString
                0x00000000080015c8       0x4a ./Core/Src/ssd1306.o
                0x00000000080015c8                ssd1306_WriteString
 *fill*         0x0000000008001612        0x2 
 .text.ssd1306_SetCursor
                0x0000000008001614       0x30 ./Core/Src/ssd1306.o
                0x0000000008001614                ssd1306_SetCursor
 .text.ssd1306_FlipScreenVertically
                0x0000000008001644       0x14 ./Core/Src/ssd1306.o
                0x0000000008001644                ssd1306_FlipScreenVertically
 .text.ssd1306_Clear
                0x0000000008001658       0x18 ./Core/Src/ssd1306.o
                0x0000000008001658                ssd1306_Clear
 .text.ssd1306_WriteCommand
                0x0000000008001670       0x30 ./Core/Src/ssd1306.o
 .text.ssd1306_WriteData
                0x00000000080016a0       0x30 ./Core/Src/ssd1306.o
 .text.HAL_MspInit
                0x00000000080016d0       0x64 ./Core/Src/stm32f1xx_hal_msp.o
                0x00000000080016d0                HAL_MspInit
 .text.HAL_I2C_MspInit
                0x0000000008001734       0x7c ./Core/Src/stm32f1xx_hal_msp.o
                0x0000000008001734                HAL_I2C_MspInit
 .text.HAL_UART_MspInit
                0x00000000080017b0      0x108 ./Core/Src/stm32f1xx_hal_msp.o
                0x00000000080017b0                HAL_UART_MspInit
 .text.NMI_Handler
                0x00000000080018b8        0x6 ./Core/Src/stm32f1xx_it.o
                0x00000000080018b8                NMI_Handler
 .text.HardFault_Handler
                0x00000000080018be        0x6 ./Core/Src/stm32f1xx_it.o
                0x00000000080018be                HardFault_Handler
 .text.MemManage_Handler
                0x00000000080018c4        0x6 ./Core/Src/stm32f1xx_it.o
                0x00000000080018c4                MemManage_Handler
 .text.BusFault_Handler
                0x00000000080018ca        0x6 ./Core/Src/stm32f1xx_it.o
                0x00000000080018ca                BusFault_Handler
 .text.UsageFault_Handler
                0x00000000080018d0        0x6 ./Core/Src/stm32f1xx_it.o
                0x00000000080018d0                UsageFault_Handler
 .text.SVC_Handler
                0x00000000080018d6        0xc ./Core/Src/stm32f1xx_it.o
                0x00000000080018d6                SVC_Handler
 .text.DebugMon_Handler
                0x00000000080018e2        0xc ./Core/Src/stm32f1xx_it.o
                0x00000000080018e2                DebugMon_Handler
 .text.PendSV_Handler
                0x00000000080018ee        0xc ./Core/Src/stm32f1xx_it.o
                0x00000000080018ee                PendSV_Handler
 .text.SysTick_Handler
                0x00000000080018fa        0xc ./Core/Src/stm32f1xx_it.o
                0x00000000080018fa                SysTick_Handler
 *fill*         0x0000000008001906        0x2 
 .text._sbrk    0x0000000008001908       0x6c ./Core/Src/sysmem.o
                0x0000000008001908                _sbrk
 .text.SystemInit
                0x0000000008001974        0xc ./Core/Src/system_stm32f1xx.o
                0x0000000008001974                SystemInit
 .text.is_end_of_header
                0x0000000008001980       0x60 ./Core/Src/uart_utils.o
                0x0000000008001980                is_end_of_header
 .text.is_rx_index_valid
                0x00000000080019e0       0x22 ./Core/Src/uart_utils.o
                0x00000000080019e0                is_rx_index_valid
 *fill*         0x0000000008001a02        0x2 
 .text.uart_wait_for_byte
                0x0000000008001a04       0x30 ./Core/Src/uart_utils.o
                0x0000000008001a04                uart_wait_for_byte
 .text.http_buffer_add_byte
                0x0000000008001a34       0x40 ./Core/Src/uart_utils.o
                0x0000000008001a34                http_buffer_add_byte
 .text.uart_receive_http_byte
                0x0000000008001a74       0x24 ./Core/Src/uart_utils.o
                0x0000000008001a74                uart_receive_http_byte
 .text.Reset_Handler
                0x0000000008001a98       0x48 ./Core/Startup/startup_stm32f103c8tx.o
                0x0000000008001a98                Reset_Handler
 .text.Default_Handler
                0x0000000008001ae0        0x2 ./Core/Startup/startup_stm32f103c8tx.o
                0x0000000008001ae0                RTC_Alarm_IRQHandler
                0x0000000008001ae0                EXTI2_IRQHandler
                0x0000000008001ae0                TIM1_CC_IRQHandler
                0x0000000008001ae0                PVD_IRQHandler
                0x0000000008001ae0                EXTI3_IRQHandler
                0x0000000008001ae0                EXTI0_IRQHandler
                0x0000000008001ae0                I2C2_EV_IRQHandler
                0x0000000008001ae0                ADC1_2_IRQHandler
                0x0000000008001ae0                SPI1_IRQHandler
                0x0000000008001ae0                TAMPER_IRQHandler
                0x0000000008001ae0                DMA1_Channel4_IRQHandler
                0x0000000008001ae0                USART3_IRQHandler
                0x0000000008001ae0                RTC_IRQHandler
                0x0000000008001ae0                DMA1_Channel7_IRQHandler
                0x0000000008001ae0                CAN1_RX1_IRQHandler
                0x0000000008001ae0                TIM4_IRQHandler
                0x0000000008001ae0                I2C1_EV_IRQHandler
                0x0000000008001ae0                DMA1_Channel6_IRQHandler
                0x0000000008001ae0                TIM3_IRQHandler
                0x0000000008001ae0                RCC_IRQHandler
                0x0000000008001ae0                TIM1_TRG_COM_IRQHandler
                0x0000000008001ae0                DMA1_Channel1_IRQHandler
                0x0000000008001ae0                Default_Handler
                0x0000000008001ae0                EXTI15_10_IRQHandler
                0x0000000008001ae0                EXTI9_5_IRQHandler
                0x0000000008001ae0                SPI2_IRQHandler
                0x0000000008001ae0                DMA1_Channel5_IRQHandler
                0x0000000008001ae0                EXTI4_IRQHandler
                0x0000000008001ae0                USB_LP_CAN1_RX0_IRQHandler
                0x0000000008001ae0                USB_HP_CAN1_TX_IRQHandler
                0x0000000008001ae0                DMA1_Channel3_IRQHandler
                0x0000000008001ae0                TIM1_UP_IRQHandler
                0x0000000008001ae0                WWDG_IRQHandler
                0x0000000008001ae0                TIM2_IRQHandler
                0x0000000008001ae0                TIM1_BRK_IRQHandler
                0x0000000008001ae0                EXTI1_IRQHandler
                0x0000000008001ae0                USART2_IRQHandler
                0x0000000008001ae0                I2C2_ER_IRQHandler
                0x0000000008001ae0                DMA1_Channel2_IRQHandler
                0x0000000008001ae0                CAN1_SCE_IRQHandler
                0x0000000008001ae0                FLASH_IRQHandler
                0x0000000008001ae0                USART1_IRQHandler
                0x0000000008001ae0                I2C1_ER_IRQHandler
                0x0000000008001ae0                USBWakeUp_IRQHandler
 *fill*         0x0000000008001ae2        0x2 
 .text.HAL_Init
                0x0000000008001ae4       0x2c ./Drivers/STM32F1xx_HAL_Driver/Src/stm32f1xx_hal.o
                0x0000000008001ae4                HAL_Init
 .text.HAL_InitTick
                0x0000000008001b10       0x60 ./Drivers/STM32F1xx_HAL_Driver/Src/stm32f1xx_hal.o
                0x0000000008001b10                HAL_InitTick
 .text.HAL_IncTick
                0x0000000008001b70       0x24 ./Drivers/STM32F1xx_HAL_Driver/Src/stm32f1xx_hal.o
                0x0000000008001b70                HAL_IncTick
 .text.HAL_GetTick
                0x0000000008001b94       0x14 ./Drivers/STM32F1xx_HAL_Driver/Src/stm32f1xx_hal.o
                0x0000000008001b94                HAL_GetTick
 .text.HAL_Delay
                0x0000000008001ba8       0x48 ./Drivers/STM32F1xx_HAL_Driver/Src/stm32f1xx_hal.o
                0x0000000008001ba8                HAL_Delay
 .text.__NVIC_SetPriorityGrouping
                0x0000000008001bf0       0x48 ./Drivers/STM32F1xx_HAL_Driver/Src/stm32f1xx_hal_cortex.o
 .text.__NVIC_GetPriorityGrouping
                0x0000000008001c38       0x1c ./Drivers/STM32F1xx_HAL_Driver/Src/stm32f1xx_hal_cortex.o
 .text.__NVIC_SetPriority
                0x0000000008001c54       0x54 ./Drivers/STM32F1xx_HAL_Driver/Src/stm32f1xx_hal_cortex.o
 .text.NVIC_EncodePriority
                0x0000000008001ca8       0x64 ./Drivers/STM32F1xx_HAL_Driver/Src/stm32f1xx_hal_cortex.o
 .text.SysTick_Config
                0x0000000008001d0c       0x44 ./Drivers/STM32F1xx_HAL_Driver/Src/stm32f1xx_hal_cortex.o
 .text.HAL_NVIC_SetPriorityGrouping
                0x0000000008001d50       0x16 ./Drivers/STM32F1xx_HAL_Driver/Src/stm32f1xx_hal_cortex.o
                0x0000000008001d50                HAL_NVIC_SetPriorityGrouping
 .text.HAL_NVIC_SetPriority
                0x0000000008001d66       0x38 ./Drivers/STM32F1xx_HAL_Driver/Src/stm32f1xx_hal_cortex.o
                0x0000000008001d66                HAL_NVIC_SetPriority
 .text.HAL_SYSTICK_Config
                0x0000000008001d9e       0x18 ./Drivers/STM32F1xx_HAL_Driver/Src/stm32f1xx_hal_cortex.o
                0x0000000008001d9e                HAL_SYSTICK_Config
 *fill*         0x0000000008001db6        0x2 
 .text.HAL_GPIO_Init
                0x0000000008001db8      0x308 ./Drivers/STM32F1xx_HAL_Driver/Src/stm32f1xx_hal_gpio.o
                0x0000000008001db8                HAL_GPIO_Init
 .text.HAL_GPIO_WritePin
                0x00000000080020c0       0x30 ./Drivers/STM32F1xx_HAL_Driver/Src/stm32f1xx_hal_gpio.o
                0x00000000080020c0                HAL_GPIO_WritePin
 .text.HAL_I2C_Init
                0x00000000080020f0      0x288 ./Drivers/STM32F1xx_HAL_Driver/Src/stm32f1xx_hal_i2c.o
                0x00000000080020f0                HAL_I2C_Init
 .text.HAL_I2C_Mem_Write
                0x0000000008002378      0x1f4 ./Drivers/STM32F1xx_HAL_Driver/Src/stm32f1xx_hal_i2c.o
                0x0000000008002378                HAL_I2C_Mem_Write
 .text.HAL_I2C_IsDeviceReady
                0x000000000800256c      0x25c ./Drivers/STM32F1xx_HAL_Driver/Src/stm32f1xx_hal_i2c.o
                0x000000000800256c                HAL_I2C_IsDeviceReady
 .text.I2C_RequestMemoryWrite
                0x00000000080027c8      0x12c ./Drivers/STM32F1xx_HAL_Driver/Src/stm32f1xx_hal_i2c.o
 .text.I2C_WaitOnFlagUntilTimeout
                0x00000000080028f4       0xf4 ./Drivers/STM32F1xx_HAL_Driver/Src/stm32f1xx_hal_i2c.o
 .text.I2C_WaitOnMasterAddressFlagUntilTimeout
                0x00000000080029e8      0x140 ./Drivers/STM32F1xx_HAL_Driver/Src/stm32f1xx_hal_i2c.o
 .text.I2C_WaitOnTXEFlagUntilTimeout
                0x0000000008002b28       0x90 ./Drivers/STM32F1xx_HAL_Driver/Src/stm32f1xx_hal_i2c.o
 .text.I2C_WaitOnBTFFlagUntilTimeout
                0x0000000008002bb8       0x90 ./Drivers/STM32F1xx_HAL_Driver/Src/stm32f1xx_hal_i2c.o
 .text.I2C_IsAcknowledgeFailed
                0x0000000008002c48       0x5c ./Drivers/STM32F1xx_HAL_Driver/Src/stm32f1xx_hal_i2c.o
 .text.HAL_RCC_OscConfig
                0x0000000008002ca4      0x504 ./Drivers/STM32F1xx_HAL_Driver/Src/stm32f1xx_hal_rcc.o
                0x0000000008002ca4                HAL_RCC_OscConfig
 .text.HAL_RCC_ClockConfig
                0x00000000080031a8      0x1d4 ./Drivers/STM32F1xx_HAL_Driver/Src/stm32f1xx_hal_rcc.o
                0x00000000080031a8                HAL_RCC_ClockConfig
 .text.HAL_RCC_GetSysClockFreq
                0x000000000800337c       0xa8 ./Drivers/STM32F1xx_HAL_Driver/Src/stm32f1xx_hal_rcc.o
                0x000000000800337c                HAL_RCC_GetSysClockFreq
 .text.HAL_RCC_GetHCLKFreq
                0x0000000008003424       0x14 ./Drivers/STM32F1xx_HAL_Driver/Src/stm32f1xx_hal_rcc.o
                0x0000000008003424                HAL_RCC_GetHCLKFreq
 .text.HAL_RCC_GetPCLK1Freq
                0x0000000008003438       0x28 ./Drivers/STM32F1xx_HAL_Driver/Src/stm32f1xx_hal_rcc.o
                0x0000000008003438                HAL_RCC_GetPCLK1Freq
 .text.HAL_RCC_GetPCLK2Freq
                0x0000000008003460       0x28 ./Drivers/STM32F1xx_HAL_Driver/Src/stm32f1xx_hal_rcc.o
                0x0000000008003460                HAL_RCC_GetPCLK2Freq
 .text.RCC_Delay
                0x0000000008003488       0x3c ./Drivers/STM32F1xx_HAL_Driver/Src/stm32f1xx_hal_rcc.o
 .text.HAL_UART_Init
                0x00000000080034c4       0xa0 ./Drivers/STM32F1xx_HAL_Driver/Src/stm32f1xx_hal_uart.o
                0x00000000080034c4                HAL_UART_Init
 .text.HAL_UART_Transmit
                0x0000000008003564      0x116 ./Drivers/STM32F1xx_HAL_Driver/Src/stm32f1xx_hal_uart.o
                0x0000000008003564                HAL_UART_Transmit
 .text.HAL_UART_Receive
                0x000000000800367a      0x12e ./Drivers/STM32F1xx_HAL_Driver/Src/stm32f1xx_hal_uart.o
                0x000000000800367a                HAL_UART_Receive
 .text.UART_WaitOnFlagUntilTimeout
                0x00000000080037a8       0xb2 ./Drivers/STM32F1xx_HAL_Driver/Src/stm32f1xx_hal_uart.o
 .text.UART_EndRxTransfer
                0x000000000800385a       0xc4 ./Drivers/STM32F1xx_HAL_Driver/Src/stm32f1xx_hal_uart.o
 *fill*         0x000000000800391e        0x2 
 .text.UART_SetConfig
                0x0000000008003920      0x11c ./Drivers/STM32F1xx_HAL_Driver/Src/stm32f1xx_hal_uart.o
 .text.calloc   0x0000000008003a3c       0x10 /app/stm32cubeide/plugins/com.st.stm32cube.ide.mcu.externaltools.gnu-tools-for-stm32.10.3-2021.10.linux64_1.0.200.202301161003/tools/bin/../lib/gcc/arm-none-eabi/10.3.1/../../../../arm-none-eabi/lib/thumb/v7-m/nofp/libc_nano.a(lib_a-calloc.o)
                0x0000000008003a3c                calloc
 .text.__errno  0x0000000008003a4c        0xc /app/stm32cubeide/plugins/com.st.stm32cube.ide.mcu.externaltools.gnu-tools-for-stm32.10.3-2021.10.linux64_1.0.200.202301161003/tools/bin/../lib/gcc/arm-none-eabi/10.3.1/../../../../arm-none-eabi/lib/thumb/v7-m/nofp/libc_nano.a(lib_a-errno.o)
                0x0000000008003a4c                __errno
 .text.__libc_init_array
                0x0000000008003a58       0x48 /app/stm32cubeide/plugins/com.st.stm32cube.ide.mcu.externaltools.gnu-tools-for-stm32.10.3-2021.10.linux64_1.0.200.202301161003/tools/bin/../lib/gcc/arm-none-eabi/10.3.1/../../../../arm-none-eabi/lib/thumb/v7-m/nofp/libc_nano.a(lib_a-init.o)
                0x0000000008003a58                __libc_init_array
 .text.free     0x0000000008003aa0       0x10 /app/stm32cubeide/plugins/com.st.stm32cube.ide.mcu.externaltools.gnu-tools-for-stm32.10.3-2021.10.linux64_1.0.200.202301161003/tools/bin/../lib/gcc/arm-none-eabi/10.3.1/../../../../arm-none-eabi/lib/thumb/v7-m/nofp/libc_nano.a(lib_a-malloc.o)
                0x0000000008003aa0                free
 .text.memcmp   0x0000000008003ab0       0x20 /app/stm32cubeide/plugins/com.st.stm32cube.ide.mcu.externaltools.gnu-tools-for-stm32.10.3-2021.10.linux64_1.0.200.202301161003/tools/bin/../lib/gcc/arm-none-eabi/10.3.1/../../../../arm-none-eabi/lib/thumb/v7-m/nofp/libc_nano.a(lib_a-memcmp.o)
                0x0000000008003ab0                memcmp
 .text.memmove  0x0000000008003ad0       0x34 /app/stm32cubeide/plugins/com.st.stm32cube.ide.mcu.externaltools.gnu-tools-for-stm32.10.3-2021.10.linux64_1.0.200.202301161003/tools/bin/../lib/gcc/arm-none-eabi/10.3.1/../../../../arm-none-eabi/lib/thumb/v7-m/nofp/libc_nano.a(lib_a-memmove.o)
                0x0000000008003ad0                memmove
 .text.memset   0x0000000008003b04       0x10 /app/stm32cubeide/plugins/com.st.stm32cube.ide.mcu.externaltools.gnu-tools-for-stm32.10.3-2021.10.linux64_1.0.200.202301161003/tools/bin/../lib/gcc/arm-none-eabi/10.3.1/../../../../arm-none-eabi/lib/thumb/v7-m/nofp/libc_nano.a(lib_a-memset.o)
                0x0000000008003b04                memset
 .text._calloc_r
                0x0000000008003b14       0x28 /app/stm32cubeide/plugins/com.st.stm32cube.ide.mcu.externaltools.gnu-tools-for-stm32.10.3-2021.10.linux64_1.0.200.202301161003/tools/bin/../lib/gcc/arm-none-eabi/10.3.1/../../../../arm-none-eabi/lib/thumb/v7-m/nofp/libc_nano.a(lib_a-nano-callocr.o)
                0x0000000008003b14                _calloc_r
 .text._free_r  0x0000000008003b3c       0x90 /app/stm32cubeide/plugins/com.st.stm32cube.ide.mcu.externaltools.gnu-tools-for-stm32.10.3-2021.10.linux64_1.0.200.202301161003/tools/bin/../lib/gcc/arm-none-eabi/10.3.1/../../../../arm-none-eabi/lib/thumb/v7-m/nofp/libc_nano.a(lib_a-nano-freer.o)
                0x0000000008003b3c                _free_r
 .text.sbrk_aligned
                0x0000000008003bcc       0x40 /app/stm32cubeide/plugins/com.st.stm32cube.ide.mcu.externaltools.gnu-tools-for-stm32.10.3-2021.10.linux64_1.0.200.202301161003/tools/bin/../lib/gcc/arm-none-eabi/10.3.1/../../../../arm-none-eabi/lib/thumb/v7-m/nofp/libc_nano.a(lib_a-nano-mallocr.o)
 .text._malloc_r
                0x0000000008003c0c       0xe8 /app/stm32cubeide/plugins/com.st.stm32cube.ide.mcu.externaltools.gnu-tools-for-stm32.10.3-2021.10.linux64_1.0.200.202301161003/tools/bin/../lib/gcc/arm-none-eabi/10.3.1/../../../../arm-none-eabi/lib/thumb/v7-m/nofp/libc_nano.a(lib_a-nano-mallocr.o)
                0x0000000008003c0c                _malloc_r
 .text._printf_common
                0x0000000008003cf4       0xde /app/stm32cubeide/plugins/com.st.stm32cube.ide.mcu.externaltools.gnu-tools-for-stm32.10.3-2021.10.linux64_1.0.200.202301161003/tools/bin/../lib/gcc/arm-none-eabi/10.3.1/../../../../arm-none-eabi/lib/thumb/v7-m/nofp/libc_nano.a(lib_a-nano-vfprintf_i.o)
                0x0000000008003cf4                _printf_common
 *fill*         0x0000000008003dd2        0x2 
 .text._printf_i
                0x0000000008003dd4      0x24c /app/stm32cubeide/plugins/com.st.stm32cube.ide.mcu.externaltools.gnu-tools-for-stm32.10.3-2021.10.linux64_1.0.200.202301161003/tools/bin/../lib/gcc/arm-none-eabi/10.3.1/../../../../arm-none-eabi/lib/thumb/v7-m/nofp/libc_nano.a(lib_a-nano-vfprintf_i.o)
                0x0000000008003dd4                _printf_i
 .text._sbrk_r  0x0000000008004020       0x20 /app/stm32cubeide/plugins/com.st.stm32cube.ide.mcu.externaltools.gnu-tools-for-stm32.10.3-2021.10.linux64_1.0.200.202301161003/tools/bin/../lib/gcc/arm-none-eabi/10.3.1/../../../../arm-none-eabi/lib/thumb/v7-m/nofp/libc_nano.a(lib_a-sbrkr.o)
                0x0000000008004020                _sbrk_r
 .text.snprintf
                0x0000000008004040       0x68 /app/stm32cubeide/plugins/com.st.stm32cube.ide.mcu.externaltools.gnu-tools-for-stm32.10.3-2021.10.linux64_1.0.200.202301161003/tools/bin/../lib/gcc/arm-none-eabi/10.3.1/../../../../arm-none-eabi/lib/thumb/v7-m/nofp/libc_nano.a(lib_a-snprintf.o)
                0x0000000008004040                snprintf
                0x0000000008004040                sniprintf
 .text.strncmp  0x00000000080040a8       0x28 /app/stm32cubeide/plugins/com.st.stm32cube.ide.mcu.externaltools.gnu-tools-for-stm32.10.3-2021.10.linux64_1.0.200.202301161003/tools/bin/../lib/gcc/arm-none-eabi/10.3.1/../../../../arm-none-eabi/lib/thumb/v7-m/nofp/libc_nano.a(lib_a-strncmp.o)
                0x00000000080040a8                strncmp
 .text.__retarget_lock_acquire_recursive
                0x00000000080040d0        0x2 /app/stm32cubeide/plugins/com.st.stm32cube.ide.mcu.externaltools.gnu-tools-for-stm32.10.3-2021.10.linux64_1.0.200.202301161003/tools/bin/../lib/gcc/arm-none-eabi/10.3.1/../../../../arm-none-eabi/lib/thumb/v7-m/nofp/libc_nano.a(lib_a-lock.o)
                0x00000000080040d0                __retarget_lock_acquire_recursive
 .text.__retarget_lock_release_recursive
                0x00000000080040d2        0x2 /app/stm32cubeide/plugins/com.st.stm32cube.ide.mcu.externaltools.gnu-tools-for-stm32.10.3-2021.10.linux64_1.0.200.202301161003/tools/bin/../lib/gcc/arm-none-eabi/10.3.1/../../../../arm-none-eabi/lib/thumb/v7-m/nofp/libc_nano.a(lib_a-lock.o)
                0x00000000080040d2                __retarget_lock_release_recursive
 .text.memchr   0x00000000080040d4       0x1c /app/stm32cubeide/plugins/com.st.stm32cube.ide.mcu.externaltools.gnu-tools-for-stm32.10.3-2021.10.linux64_1.0.200.202301161003/tools/bin/../lib/gcc/arm-none-eabi/10.3.1/../../../../arm-none-eabi/lib/thumb/v7-m/nofp/libc_nano.a(lib_a-memchr-stub.o)
                0x00000000080040d4                memchr
 .text.memcpy   0x00000000080040f0       0x1c /app/stm32cubeide/plugins/com.st.stm32cube.ide.mcu.externaltools.gnu-tools-for-stm32.10.3-2021.10.linux64_1.0.200.202301161003/tools/bin/../lib/gcc/arm-none-eabi/10.3.1/../../../../arm-none-eabi/lib/thumb/v7-m/nofp/libc_nano.a(lib_a-memcpy-stub.o)
                0x00000000080040f0                memcpy
 .text.__malloc_lock
                0x000000000800410c        0xc /app/stm32cubeide/plugins/com.st.stm32cube.ide.mcu.externaltools.gnu-tools-for-stm32.10.3-2021.10.linux64_1.0.200.202301161003/tools/bin/../lib/gcc/arm-none-eabi/10.3.1/../../../../arm-none-eabi/lib/thumb/v7-m/nofp/libc_nano.a(lib_a-mlock.o)
                0x000000000800410c                __malloc_lock
 .text.__malloc_unlock
                0x0000000008004118        0xc /app/stm32cubeide/plugins/com.st.stm32cube.ide.mcu.externaltools.gnu-tools-for-stm32.10.3-2021.10.linux64_1.0.200.202301161003/tools/bin/../lib/gcc/arm-none-eabi/10.3.1/../../../../arm-none-eabi/lib/thumb/v7-m/nofp/libc_nano.a(lib_a-mlock.o)
                0x0000000008004118                __malloc_unlock
 .text._realloc_r
                0x0000000008004124       0x5e /app/stm32cubeide/plugins/com.st.stm32cube.ide.mcu.externaltools.gnu-tools-for-stm32.10.3-2021.10.linux64_1.0.200.202301161003/tools/bin/../lib/gcc/arm-none-eabi/10.3.1/../../../../arm-none-eabi/lib/thumb/v7-m/nofp/libc_nano.a(lib_a-nano-reallocr.o)
                0x0000000008004124                _realloc_r
 .text.__ssputs_r
                0x0000000008004182       0xb6 /app/stm32cubeide/plugins/com.st.stm32cube.ide.mcu.externaltools.gnu-tools-for-stm32.10.3-2021.10.linux64_1.0.200.202301161003/tools/bin/../lib/gcc/arm-none-eabi/10.3.1/../../../../arm-none-eabi/lib/thumb/v7-m/nofp/libc_nano.a(lib_a-nano-svfprintf.o)
                0x0000000008004182                __ssputs_r
 .text._svfprintf_r
                0x0000000008004238      0x200 /app/stm32cubeide/plugins/com.st.stm32cube.ide.mcu.externaltools.gnu-tools-for-stm32.10.3-2021.10.linux64_1.0.200.202301161003/tools/bin/../lib/gcc/arm-none-eabi/10.3.1/../../../../arm-none-eabi/lib/thumb/v7-m/nofp/libc_nano.a(lib_a-nano-svfprintf.o)
                0x0000000008004238                _svfprintf_r
                0x0000000008004238                _svfiprintf_r
 .text._malloc_usable_size_r
                0x0000000008004438       0x10 /app/stm32cubeide/plugins/com.st.stm32cube.ide.mcu.externaltools.gnu-tools-for-stm32.10.3-2021.10.linux64_1.0.200.202301161003/tools/bin/../lib/gcc/arm-none-eabi/10.3.1/../../../../arm-none-eabi/lib/thumb/v7-m/nofp/libc_nano.a(lib_a-nano-msizer.o)
                0x0000000008004438                _malloc_usable_size_r
 *(.glue_7)
 .glue_7        0x0000000008004448        0x0 linker stubs
 *(.glue_7t)
 .glue_7t       0x0000000008004448        0x0 linker stubs
 *(.eh_frame)
 .eh_frame      0x0000000008004448        0x0 /app/stm32cubeide/plugins/com.st.stm32cube.ide.mcu.externaltools.gnu-tools-for-stm32.10.3-2021.10.linux64_1.0.200.202301161003/tools/bin/../lib/gcc/arm-none-eabi/10.3.1/thumb/v7-m/nofp/crtbegin.o
 *(.init)
 .init          0x0000000008004448        0x4 /app/stm32cubeide/plugins/com.st.stm32cube.ide.mcu.externaltools.gnu-tools-for-stm32.10.3-2021.10.linux64_1.0.200.202301161003/tools/bin/../lib/gcc/arm-none-eabi/10.3.1/thumb/v7-m/nofp/crti.o
                0x0000000008004448                _init
 .init          0x000000000800444c        0x8 /app/stm32cubeide/plugins/com.st.stm32cube.ide.mcu.externaltools.gnu-tools-for-stm32.10.3-2021.10.linux64_1.0.200.202301161003/tools/bin/../lib/gcc/arm-none-eabi/10.3.1/thumb/v7-m/nofp/crtn.o
 *(.fini)
 .fini          0x0000000008004454        0x4 /app/stm32cubeide/plugins/com.st.stm32cube.ide.mcu.externaltools.gnu-tools-for-stm32.10.3-2021.10.linux64_1.0.200.202301161003/tools/bin/../lib/gcc/arm-none-eabi/10.3.1/thumb/v7-m/nofp/crti.o
                0x0000000008004454                _fini
 .fini          0x0000000008004458        0x8 /app/stm32cubeide/plugins/com.st.stm32cube.ide.mcu.externaltools.gnu-tools-for-stm32.10.3-2021.10.linux64_1.0.200.202301161003/tools/bin/../lib/gcc/arm-none-eabi/10.3.1/thumb/v7-m/nofp/crtn.o
                0x0000000008004460                . = ALIGN (0x4)
                0x0000000008004460                _etext = .

.vfp11_veneer   0x0000000008004460        0x0
 .vfp11_veneer  0x0000000008004460        0x0 linker stubs

.v4_bx          0x0000000008004460        0x0
 .v4_bx         0x0000000008004460        0x0 linker stubs

.iplt           0x0000000008004460        0x0
 .iplt          0x0000000008004460        0x0 /app/stm32cubeide/plugins/com.st.stm32cube.ide.mcu.externaltools.gnu-tools-for-stm32.10.3-2021.10.linux64_1.0.200.202301161003/tools/bin/../lib/gcc/arm-none-eabi/10.3.1/thumb/v7-m/nofp/crtbegin.o

.rodata         0x0000000008004460      0xec0
                0x0000000008004460                . = ALIGN (0x4)
 *(.rodata)
 .rodata        0x0000000008004460      0x44d ./Core/Src/http.o
 *fill*         0x00000000080048ad        0x3 
 .rodata        0x00000000080048b0        0x1 ./Core/Src/http_response.o
 *fill*         0x00000000080048b1        0x3 
 .rodata        0x00000000080048b4       0xd0 ./Core/Src/led_control.o
 .rodata        0x0000000008004984      0x139 ./Core/Src/picohttpparser.o
 *(.rodata*)
 *fill*         0x0000000008004abd        0x3 
 .rodata.Font7x10
                0x0000000008004ac0      0x76c ./Core/Src/font.o
 *fill*         0x000000000800522c        0x4 
 .rodata.ranges.2
                0x0000000008005230       0x11 ./Core/Src/picohttpparser.o
 *fill*         0x0000000008005241        0xf 
 .rodata.ranges2.1
                0x0000000008005250       0x10 ./Core/Src/picohttpparser.o
 .rodata.AHBPrescTable
                0x0000000008005260       0x10 ./Core/Src/system_stm32f1xx.o
                0x0000000008005260                AHBPrescTable
 .rodata.APBPrescTable
                0x0000000008005270        0x8 ./Core/Src/system_stm32f1xx.o
                0x0000000008005270                APBPrescTable
 .rodata.aPLLMULFactorTable.1
                0x0000000008005278       0x10 ./Drivers/STM32F1xx_HAL_Driver/Src/stm32f1xx_hal_rcc.o
 .rodata.aPredivFactorTable.0
                0x0000000008005288        0x2 ./Drivers/STM32F1xx_HAL_Driver/Src/stm32f1xx_hal_rcc.o
 .rodata._printf_i.str1.1
                0x000000000800528a       0x22 /app/stm32cubeide/plugins/com.st.stm32cube.ide.mcu.externaltools.gnu-tools-for-stm32.10.3-2021.10.linux64_1.0.200.202301161003/tools/bin/../lib/gcc/arm-none-eabi/10.3.1/../../../../arm-none-eabi/lib/thumb/v7-m/nofp/libc_nano.a(lib_a-nano-vfprintf_i.o)
 .rodata.__sf_fake_stderr
                0x00000000080052ac       0x20 /app/stm32cubeide/plugins/com.st.stm32cube.ide.mcu.externaltools.gnu-tools-for-stm32.10.3-2021.10.linux64_1.0.200.202301161003/tools/bin/../lib/gcc/arm-none-eabi/10.3.1/../../../../arm-none-eabi/lib/thumb/v7-m/nofp/libc_nano.a(lib_a-findfp.o)
                0x00000000080052ac                __sf_fake_stderr
 .rodata.__sf_fake_stdin
                0x00000000080052cc       0x20 /app/stm32cubeide/plugins/com.st.stm32cube.ide.mcu.externaltools.gnu-tools-for-stm32.10.3-2021.10.linux64_1.0.200.202301161003/tools/bin/../lib/gcc/arm-none-eabi/10.3.1/../../../../arm-none-eabi/lib/thumb/v7-m/nofp/libc_nano.a(lib_a-findfp.o)
                0x00000000080052cc                __sf_fake_stdin
 .rodata.__sf_fake_stdout
                0x00000000080052ec       0x20 /app/stm32cubeide/plugins/com.st.stm32cube.ide.mcu.externaltools.gnu-tools-for-stm32.10.3-2021.10.linux64_1.0.200.202301161003/tools/bin/../lib/gcc/arm-none-eabi/10.3.1/../../../../arm-none-eabi/lib/thumb/v7-m/nofp/libc_nano.a(lib_a-findfp.o)
                0x00000000080052ec                __sf_fake_stdout
 .rodata._svfprintf_r.str1.1
                0x000000000800530c       0x11 /app/stm32cubeide/plugins/com.st.stm32cube.ide.mcu.externaltools.gnu-tools-for-stm32.10.3-2021.10.linux64_1.0.200.202301161003/tools/bin/../lib/gcc/arm-none-eabi/10.3.1/../../../../arm-none-eabi/lib/thumb/v7-m/nofp/libc_nano.a(lib_a-nano-svfprintf.o)
                0x0000000008005320                . = ALIGN (0x4)
 *fill*         0x000000000800531d        0x3 

.rel.dyn        0x0000000008005320        0x0
 .rel.iplt      0x0000000008005320        0x0 /app/stm32cubeide/plugins/com.st.stm32cube.ide.mcu.externaltools.gnu-tools-for-stm32.10.3-2021.10.linux64_1.0.200.202301161003/tools/bin/../lib/gcc/arm-none-eabi/10.3.1/thumb/v7-m/nofp/crtbegin.o

.ARM.extab      0x0000000008005320        0x0
                0x0000000008005320                . = ALIGN (0x4)
 *(.ARM.extab* .gnu.linkonce.armextab.*)
                0x0000000008005320                . = ALIGN (0x4)

.ARM            0x0000000008005320        0x0
                0x0000000008005320                . = ALIGN (0x4)
                0x0000000008005320                __exidx_start = .
 *(.ARM.exidx*)
                0x0000000008005320                __exidx_end = .
                0x0000000008005320                . = ALIGN (0x4)

.preinit_array  0x0000000008005320        0x0
                0x0000000008005320                . = ALIGN (0x4)
                0x0000000008005320                PROVIDE (__preinit_array_start = .)
 *(.preinit_array*)
                0x0000000008005320                PROVIDE (__preinit_array_end = .)
                0x0000000008005320                . = ALIGN (0x4)

.init_array     0x0000000008005320        0x4
                0x0000000008005320                . = ALIGN (0x4)
                0x0000000008005320                PROVIDE (__init_array_start = .)
 *(SORT_BY_NAME(.init_array.*))
 *(.init_array*)
 .init_array    0x0000000008005320        0x4 /app/stm32cubeide/plugins/com.st.stm32cube.ide.mcu.externaltools.gnu-tools-for-stm32.10.3-2021.10.linux64_1.0.200.202301161003/tools/bin/../lib/gcc/arm-none-eabi/10.3.1/thumb/v7-m/nofp/crtbegin.o
                0x0000000008005324                PROVIDE (__init_array_end = .)
                0x0000000008005324                . = ALIGN (0x4)

.fini_array     0x0000000008005324        0x4
                0x0000000008005324                . = ALIGN (0x4)
                [!provide]                        PROVIDE (__fini_array_start = .)
 *(SORT_BY_NAME(.fini_array.*))
 *(.fini_array*)
 .fini_array    0x0000000008005324        0x4 /app/stm32cubeide/plugins/com.st.stm32cube.ide.mcu.externaltools.gnu-tools-for-stm32.10.3-2021.10.linux64_1.0.200.202301161003/tools/bin/../lib/gcc/arm-none-eabi/10.3.1/thumb/v7-m/nofp/crtbegin.o
                [!provide]                        PROVIDE (__fini_array_end = .)
                0x0000000008005328                . = ALIGN (0x4)
                0x0000000008005328                _sidata = LOADADDR (.data)

.data           0x0000000020000000       0x7c load address 0x0000000008005328
                0x0000000020000000                . = ALIGN (0x4)
                0x0000000020000000                _sdata = .
 *(.data)
 *(.data*)
 .data.Font_7x10
                0x0000000020000000        0x8 ./Core/Src/font.o
                0x0000000020000000                Font_7x10
 .data.token_char_map
                0x0000000020000008        0x4 ./Core/Src/picohttpparser.o
 .data.SystemCoreClock
                0x000000002000000c        0x4 ./Core/Src/system_stm32f1xx.o
                0x000000002000000c                SystemCoreClock
 .data.uwTickPrio
                0x0000000020000010        0x4 ./Drivers/STM32F1xx_HAL_Driver/Src/stm32f1xx_hal.o
                0x0000000020000010                uwTickPrio
 .data.uwTickFreq
                0x0000000020000014        0x1 ./Drivers/STM32F1xx_HAL_Driver/Src/stm32f1xx_hal.o
                0x0000000020000014                uwTickFreq
 *fill*         0x0000000020000015        0x3 
 .data._impure_ptr
                0x0000000020000018        0x4 /app/stm32cubeide/plugins/com.st.stm32cube.ide.mcu.externaltools.gnu-tools-for-stm32.10.3-2021.10.linux64_1.0.200.202301161003/tools/bin/../lib/gcc/arm-none-eabi/10.3.1/../../../../arm-none-eabi/lib/thumb/v7-m/nofp/libc_nano.a(lib_a-impure.o)
                0x0000000020000018                _impure_ptr
 .data.impure_data
                0x000000002000001c       0x60 /app/stm32cubeide/plugins/com.st.stm32cube.ide.mcu.externaltools.gnu-tools-for-stm32.10.3-2021.10.linux64_1.0.200.202301161003/tools/bin/../lib/gcc/arm-none-eabi/10.3.1/../../../../arm-none-eabi/lib/thumb/v7-m/nofp/libc_nano.a(lib_a-impure.o)
 *(.RamFunc)
 *(.RamFunc*)
                0x000000002000007c                . = ALIGN (0x4)
                0x000000002000007c                _edata = .

.igot.plt       0x000000002000007c        0x0 load address 0x00000000080053a4
 .igot.plt      0x000000002000007c        0x0 /app/stm32cubeide/plugins/com.st.stm32cube.ide.mcu.externaltools.gnu-tools-for-stm32.10.3-2021.10.linux64_1.0.200.202301161003/tools/bin/../lib/gcc/arm-none-eabi/10.3.1/thumb/v7-m/nofp/crtbegin.o
                0x000000002000007c                . = ALIGN (0x4)

.bss            0x000000002000007c      0x928 load address 0x00000000080053a4
                0x000000002000007c                _sbss = .
                0x000000002000007c                __bss_start__ = _sbss
 *(.bss)
 .bss           0x000000002000007c       0x1c /app/stm32cubeide/plugins/com.st.stm32cube.ide.mcu.externaltools.gnu-tools-for-stm32.10.3-2021.10.linux64_1.0.200.202301161003/tools/bin/../lib/gcc/arm-none-eabi/10.3.1/thumb/v7-m/nofp/crtbegin.o
 *(.bss*)
 .bss.hi2c1     0x0000000020000098       0x54 ./Core/Src/main.o
                0x0000000020000098                hi2c1
 .bss.huart1    0x00000000200000ec       0x48 ./Core/Src/main.o
                0x00000000200000ec                huart1
 .bss.huart2    0x0000000020000134       0x48 ./Core/Src/main.o
                0x0000000020000134                huart2
 .bss.SSD1306   0x000000002000017c        0x8 ./Core/Src/ssd1306.o
 .bss.SSD1306_Buffer
                0x0000000020000184      0x400 ./Core/Src/ssd1306.o
 .bss.display_geometry
                0x0000000020000584        0x1 ./Core/Src/ssd1306.o
                0x0000000020000584                display_geometry
 *fill*         0x0000000020000585        0x3 
 .bss.__sbrk_heap_end
                0x0000000020000588        0x4 ./Core/Src/sysmem.o
 .bss.rx_buffer
                0x000000002000058c      0x400 ./Core/Src/uart_utils.o
                0x000000002000058c                rx_buffer
 .bss.rx_index  0x000000002000098c        0x2 ./Core/Src/uart_utils.o
                0x000000002000098c                rx_index
 *fill*         0x000000002000098e        0x2 
 .bss.uwTick    0x0000000020000990        0x4 ./Drivers/STM32F1xx_HAL_Driver/Src/stm32f1xx_hal.o
                0x0000000020000990                uwTick
 .bss.__malloc_free_list
                0x0000000020000994        0x4 /app/stm32cubeide/plugins/com.st.stm32cube.ide.mcu.externaltools.gnu-tools-for-stm32.10.3-2021.10.linux64_1.0.200.202301161003/tools/bin/../lib/gcc/arm-none-eabi/10.3.1/../../../../arm-none-eabi/lib/thumb/v7-m/nofp/libc_nano.a(lib_a-nano-mallocr.o)
                0x0000000020000994                __malloc_free_list
 .bss.__malloc_sbrk_start
                0x0000000020000998        0x4 /app/stm32cubeide/plugins/com.st.stm32cube.ide.mcu.externaltools.gnu-tools-for-stm32.10.3-2021.10.linux64_1.0.200.202301161003/tools/bin/../lib/gcc/arm-none-eabi/10.3.1/../../../../arm-none-eabi/lib/thumb/v7-m/nofp/libc_nano.a(lib_a-nano-mallocr.o)
                0x0000000020000998                __malloc_sbrk_start
 .bss.__lock___malloc_recursive_mutex
                0x000000002000099c        0x1 /app/stm32cubeide/plugins/com.st.stm32cube.ide.mcu.externaltools.gnu-tools-for-stm32.10.3-2021.10.linux64_1.0.200.202301161003/tools/bin/../lib/gcc/arm-none-eabi/10.3.1/../../../../arm-none-eabi/lib/thumb/v7-m/nofp/libc_nano.a(lib_a-lock.o)
                0x000000002000099c                __lock___malloc_recursive_mutex
 *fill*         0x000000002000099d        0x3 
 .bss.errno     0x00000000200009a0        0x4 /app/stm32cubeide/plugins/com.st.stm32cube.ide.mcu.externaltools.gnu-tools-for-stm32.10.3-2021.10.linux64_1.0.200.202301161003/tools/bin/../lib/gcc/arm-none-eabi/10.3.1/../../../../arm-none-eabi/lib/thumb/v7-m/nofp/libc_nano.a(lib_a-reent.o)
                0x00000000200009a0                errno
 *(COMMON)
                0x00000000200009a4                . = ALIGN (0x4)
                0x00000000200009a4                _ebss = .
                0x00000000200009a4                __bss_end__ = _ebss

._user_heap_stack
                0x00000000200009a4      0x604 load address 0x00000000080053a4
                0x00000000200009a8                . = ALIGN (0x8)
 *fill*         0x00000000200009a4        0x4 
                [!provide]                        PROVIDE (end = .)
                0x00000000200009a8                PROVIDE (_end = .)
                0x0000000020000ba8                . = (. + _Min_Heap_Size)
 *fill*         0x00000000200009a8      0x200 
                0x0000000020000fa8                . = (. + _Min_Stack_Size)
 *fill*         0x0000000020000ba8      0x400 
                0x0000000020000fa8                . = ALIGN (0x8)

/DISCARD/
 libc.a(*)
 libm.a(*)
 libgcc.a(*)

.ARM.attributes
                0x0000000000000000       0x29
 *(.ARM.attributes)
 .ARM.attributes
                0x0000000000000000       0x1d /app/stm32cubeide/plugins/com.st.stm32cube.ide.mcu.externaltools.gnu-tools-for-stm32.10.3-2021.10.linux64_1.0.200.202301161003/tools/bin/../lib/gcc/arm-none-eabi/10.3.1/thumb/v7-m/nofp/crti.o
 .ARM.attributes
                0x000000000000001d       0x2d /app/stm32cubeide/plugins/com.st.stm32cube.ide.mcu.externaltools.gnu-tools-for-stm32.10.3-2021.10.linux64_1.0.200.202301161003/tools/bin/../lib/gcc/arm-none-eabi/10.3.1/thumb/v7-m/nofp/crtbegin.o
 .ARM.attributes
                0x000000000000004a       0x2d ./Core/Src/font.o
 .ARM.attributes
                0x0000000000000077       0x2d ./Core/Src/http.o
 .ARM.attributes
                0x00000000000000a4       0x2d ./Core/Src/http_parser.o
 .ARM.attributes
                0x00000000000000d1       0x2d ./Core/Src/http_response.o
 .ARM.attributes
                0x00000000000000fe       0x2d ./Core/Src/led_control.o
 .ARM.attributes
                0x000000000000012b       0x2d ./Core/Src/main.o
 .ARM.attributes
                0x0000000000000158       0x2d ./Core/Src/picohttpparser.o
 .ARM.attributes
                0x0000000000000185       0x2d ./Core/Src/ssd1306.o
 .ARM.attributes
                0x00000000000001b2       0x2d ./Core/Src/stm32f1xx_hal_msp.o
 .ARM.attributes
                0x00000000000001df       0x2d ./Core/Src/stm32f1xx_it.o
 .ARM.attributes
                0x000000000000020c       0x2d ./Core/Src/sysmem.o
 .ARM.attributes
                0x0000000000000239       0x2d ./Core/Src/system_stm32f1xx.o
 .ARM.attributes
                0x0000000000000266       0x2d ./Core/Src/uart_utils.o
 .ARM.attributes
                0x0000000000000293       0x21 ./Core/Startup/startup_stm32f103c8tx.o
 .ARM.attributes
                0x00000000000002b4       0x2d ./Drivers/STM32F1xx_HAL_Driver/Src/stm32f1xx_hal.o
 .ARM.attributes
                0x00000000000002e1       0x2d ./Drivers/STM32F1xx_HAL_Driver/Src/stm32f1xx_hal_cortex.o
 .ARM.attributes
                0x000000000000030e       0x2d ./Drivers/STM32F1xx_HAL_Driver/Src/stm32f1xx_hal_gpio.o
 .ARM.attributes
                0x000000000000033b       0x2d ./Drivers/STM32F1xx_HAL_Driver/Src/stm32f1xx_hal_i2c.o
 .ARM.attributes
                0x0000000000000368       0x2d ./Drivers/STM32F1xx_HAL_Driver/Src/stm32f1xx_hal_rcc.o
 .ARM.attributes
                0x0000000000000395       0x2d ./Drivers/STM32F1xx_HAL_Driver/Src/stm32f1xx_hal_uart.o
 .ARM.attributes
                0x00000000000003c2       0x2d /app/stm32cubeide/plugins/com.st.stm32cube.ide.mcu.externaltools.gnu-tools-for-stm32.10.3-2021.10.linux64_1.0.200.202301161003/tools/bin/../lib/gcc/arm-none-eabi/10.3.1/../../../../arm-none-eabi/lib/thumb/v7-m/nofp/libc_nano.a(lib_a-calloc.o)
 .ARM.attributes
                0x00000000000003ef       0x2d /app/stm32cubeide/plugins/com.st.stm32cube.ide.mcu.externaltools.gnu-tools-for-stm32.10.3-2021.10.linux64_1.0.200.202301161003/tools/bin/../lib/gcc/arm-none-eabi/10.3.1/../../../../arm-none-eabi/lib/thumb/v7-m/nofp/libc_nano.a(lib_a-errno.o)
 .ARM.attributes
                0x000000000000041c       0x2d /app/stm32cubeide/plugins/com.st.stm32cube.ide.mcu.externaltools.gnu-tools-for-stm32.10.3-2021.10.linux64_1.0.200.202301161003/tools/bin/../lib/gcc/arm-none-eabi/10.3.1/../../../../arm-none-eabi/lib/thumb/v7-m/nofp/libc_nano.a(lib_a-impure.o)
 .ARM.attributes
                0x0000000000000449       0x2d /app/stm32cubeide/plugins/com.st.stm32cube.ide.mcu.externaltools.gnu-tools-for-stm32.10.3-2021.10.linux64_1.0.200.202301161003/tools/bin/../lib/gcc/arm-none-eabi/10.3.1/../../../../arm-none-eabi/lib/thumb/v7-m/nofp/libc_nano.a(lib_a-init.o)
 .ARM.attributes
                0x0000000000000476       0x2d /app/stm32cubeide/plugins/com.st.stm32cube.ide.mcu.externaltools.gnu-tools-for-stm32.10.3-2021.10.linux64_1.0.200.202301161003/tools/bin/../lib/gcc/arm-none-eabi/10.3.1/../../../../arm-none-eabi/lib/thumb/v7-m/nofp/libc_nano.a(lib_a-malloc.o)
 .ARM.attributes
                0x00000000000004a3       0x2d /app/stm32cubeide/plugins/com.st.stm32cube.ide.mcu.externaltools.gnu-tools-for-stm32.10.3-2021.10.linux64_1.0.200.202301161003/tools/bin/../lib/gcc/arm-none-eabi/10.3.1/../../../../arm-none-eabi/lib/thumb/v7-m/nofp/libc_nano.a(lib_a-memcmp.o)
 .ARM.attributes
                0x00000000000004d0       0x2d /app/stm32cubeide/plugins/com.st.stm32cube.ide.mcu.externaltools.gnu-tools-for-stm32.10.3-2021.10.linux64_1.0.200.202301161003/tools/bin/../lib/gcc/arm-none-eabi/10.3.1/../../../../arm-none-eabi/lib/thumb/v7-m/nofp/libc_nano.a(lib_a-memmove.o)
 .ARM.attributes
                0x00000000000004fd       0x2d /app/stm32cubeide/plugins/com.st.stm32cube.ide.mcu.externaltools.gnu-tools-for-stm32.10.3-2021.10.linux64_1.0.200.202301161003/tools/bin/../lib/gcc/arm-none-eabi/10.3.1/../../../../arm-none-eabi/lib/thumb/v7-m/nofp/libc_nano.a(lib_a-memset.o)
 .ARM.attributes
                0x000000000000052a       0x2d /app/stm32cubeide/plugins/com.st.stm32cube.ide.mcu.externaltools.gnu-tools-for-stm32.10.3-2021.10.linux64_1.0.200.202301161003/tools/bin/../lib/gcc/arm-none-eabi/10.3.1/../../../../arm-none-eabi/lib/thumb/v7-m/nofp/libc_nano.a(lib_a-nano-callocr.o)
 .ARM.attributes
                0x0000000000000557       0x2d /app/stm32cubeide/plugins/com.st.stm32cube.ide.mcu.externaltools.gnu-tools-for-stm32.10.3-2021.10.linux64_1.0.200.202301161003/tools/bin/../lib/gcc/arm-none-eabi/10.3.1/../../../../arm-none-eabi/lib/thumb/v7-m/nofp/libc_nano.a(lib_a-nano-freer.o)
 .ARM.attributes
                0x0000000000000584       0x2d /app/stm32cubeide/plugins/com.st.stm32cube.ide.mcu.externaltools.gnu-tools-for-stm32.10.3-2021.10.linux64_1.0.200.202301161003/tools/bin/../lib/gcc/arm-none-eabi/10.3.1/../../../../arm-none-eabi/lib/thumb/v7-m/nofp/libc_nano.a(lib_a-nano-mallocr.o)
 .ARM.attributes
                0x00000000000005b1       0x2d /app/stm32cubeide/plugins/com.st.stm32cube.ide.mcu.externaltools.gnu-tools-for-stm32.10.3-2021.10.linux64_1.0.200.202301161003/tools/bin/../lib/gcc/arm-none-eabi/10.3.1/../../../../arm-none-eabi/lib/thumb/v7-m/nofp/libc_nano.a(lib_a-nano-vfprintf_i.o)
 .ARM.attributes
                0x00000000000005de       0x2d /app/stm32cubeide/plugins/com.st.stm32cube.ide.mcu.externaltools.gnu-tools-for-stm32.10.3-2021.10.linux64_1.0.200.202301161003/tools/bin/../lib/gcc/arm-none-eabi/10.3.1/../../../../arm-none-eabi/lib/thumb/v7-m/nofp/libc_nano.a(lib_a-sbrkr.o)
 .ARM.attributes
                0x000000000000060b       0x2d /app/stm32cubeide/plugins/com.st.stm32cube.ide.mcu.externaltools.gnu-tools-for-stm32.10.3-2021.10.linux64_1.0.200.202301161003/tools/bin/../lib/gcc/arm-none-eabi/10.3.1/../../../../arm-none-eabi/lib/thumb/v7-m/nofp/libc_nano.a(lib_a-snprintf.o)
 .ARM.attributes
                0x0000000000000638       0x17 /app/stm32cubeide/plugins/com.st.stm32cube.ide.mcu.externaltools.gnu-tools-for-stm32.10.3-2021.10.linux64_1.0.200.202301161003/tools/bin/../lib/gcc/arm-none-eabi/10.3.1/../../../../arm-none-eabi/lib/thumb/v7-m/nofp/libc_nano.a(lib_a-strlen.o)
 .ARM.attributes
                0x000000000000064f       0x2d /app/stm32cubeide/plugins/com.st.stm32cube.ide.mcu.externaltools.gnu-tools-for-stm32.10.3-2021.10.linux64_1.0.200.202301161003/tools/bin/../lib/gcc/arm-none-eabi/10.3.1/../../../../arm-none-eabi/lib/thumb/v7-m/nofp/libc_nano.a(lib_a-strncmp.o)
 .ARM.attributes
                0x000000000000067c       0x2d /app/stm32cubeide/plugins/com.st.stm32cube.ide.mcu.externaltools.gnu-tools-for-stm32.10.3-2021.10.linux64_1.0.200.202301161003/tools/bin/../lib/gcc/arm-none-eabi/10.3.1/../../../../arm-none-eabi/lib/thumb/v7-m/nofp/libc_nano.a(lib_a-findfp.o)
 .ARM.attributes
                0x00000000000006a9       0x2d /app/stm32cubeide/plugins/com.st.stm32cube.ide.mcu.externaltools.gnu-tools-for-stm32.10.3-2021.10.linux64_1.0.200.202301161003/tools/bin/../lib/gcc/arm-none-eabi/10.3.1/../../../../arm-none-eabi/lib/thumb/v7-m/nofp/libc_nano.a(lib_a-lock.o)
 .ARM.attributes
                0x00000000000006d6       0x2d /app/stm32cubeide/plugins/com.st.stm32cube.ide.mcu.externaltools.gnu-tools-for-stm32.10.3-2021.10.linux64_1.0.200.202301161003/tools/bin/../lib/gcc/arm-none-eabi/10.3.1/../../../../arm-none-eabi/lib/thumb/v7-m/nofp/libc_nano.a(lib_a-memchr-stub.o)
 .ARM.attributes
                0x0000000000000703       0x2d /app/stm32cubeide/plugins/com.st.stm32cube.ide.mcu.externaltools.gnu-tools-for-stm32.10.3-2021.10.linux64_1.0.200.202301161003/tools/bin/../lib/gcc/arm-none-eabi/10.3.1/../../../../arm-none-eabi/lib/thumb/v7-m/nofp/libc_nano.a(lib_a-memcpy-stub.o)
 .ARM.attributes
                0x0000000000000730       0x2d /app/stm32cubeide/plugins/com.st.stm32cube.ide.mcu.externaltools.gnu-tools-for-stm32.10.3-2021.10.linux64_1.0.200.202301161003/tools/bin/../lib/gcc/arm-none-eabi/10.3.1/../../../../arm-none-eabi/lib/thumb/v7-m/nofp/libc_nano.a(lib_a-mlock.o)
 .ARM.attributes
                0x000000000000075d       0x2d /app/stm32cubeide/plugins/com.st.stm32cube.ide.mcu.externaltools.gnu-tools-for-stm32.10.3-2021.10.linux64_1.0.200.202301161003/tools/bin/../lib/gcc/arm-none-eabi/10.3.1/../../../../arm-none-eabi/lib/thumb/v7-m/nofp/libc_nano.a(lib_a-nano-reallocr.o)
 .ARM.attributes
                0x000000000000078a       0x2d /app/stm32cubeide/plugins/com.st.stm32cube.ide.mcu.externaltools.gnu-tools-for-stm32.10.3-2021.10.linux64_1.0.200.202301161003/tools/bin/../lib/gcc/arm-none-eabi/10.3.1/../../../../arm-none-eabi/lib/thumb/v7-m/nofp/libc_nano.a(lib_a-nano-svfprintf.o)
 .ARM.attributes
                0x00000000000007b7       0x2d /app/stm32cubeide/plugins/com.st.stm32cube.ide.mcu.externaltools.gnu-tools-for-stm32.10.3-2021.10.linux64_1.0.200.202301161003/tools/bin/../lib/gcc/arm-none-eabi/10.3.1/../../../../arm-none-eabi/lib/thumb/v7-m/nofp/libc_nano.a(lib_a-reent.o)
 .ARM.attributes
                0x00000000000007e4       0x2d /app/stm32cubeide/plugins/com.st.stm32cube.ide.mcu.externaltools.gnu-tools-for-stm32.10.3-2021.10.linux64_1.0.200.202301161003/tools/bin/../lib/gcc/arm-none-eabi/10.3.1/../../../../arm-none-eabi/lib/thumb/v7-m/nofp/libc_nano.a(lib_a-nano-msizer.o)
 .ARM.attributes
                0x0000000000000811       0x1d /app/stm32cubeide/plugins/com.st.stm32cube.ide.mcu.externaltools.gnu-tools-for-stm32.10.3-2021.10.linux64_1.0.200.202301161003/tools/bin/../lib/gcc/arm-none-eabi/10.3.1/thumb/v7-m/nofp/crtn.o
OUTPUT(iot_display_and_led.elf elf32-littlearm)
LOAD linker stubs
LOAD /app/stm32cubeide/plugins/com.st.stm32cube.ide.mcu.externaltools.gnu-tools-for-stm32.10.3-2021.10.linux64_1.0.200.202301161003/tools/bin/../lib/gcc/arm-none-eabi/10.3.1/../../../../arm-none-eabi/lib/thumb/v7-m/nofp/libc.a
LOAD /app/stm32cubeide/plugins/com.st.stm32cube.ide.mcu.externaltools.gnu-tools-for-stm32.10.3-2021.10.linux64_1.0.200.202301161003/tools/bin/../lib/gcc/arm-none-eabi/10.3.1/../../../../arm-none-eabi/lib/thumb/v7-m/nofp/libm.a
LOAD /app/stm32cubeide/plugins/com.st.stm32cube.ide.mcu.externaltools.gnu-tools-for-stm32.10.3-2021.10.linux64_1.0.200.202301161003/tools/bin/../lib/gcc/arm-none-eabi/10.3.1/thumb/v7-m/nofp/libgcc.a

.debug_info     0x0000000000000000     0xd145
 .debug_info    0x0000000000000000      0x1ae ./Core/Src/font.o
 .debug_info    0x00000000000001ae      0x4ea ./Core/Src/http.o
 .debug_info    0x0000000000000698      0x418 ./Core/Src/http_parser.o
 .debug_info    0x0000000000000ab0      0x79a ./Core/Src/http_response.o
 .debug_info    0x000000000000124a      0x359 ./Core/Src/led_control.o
 .debug_info    0x00000000000015a3      0xd73 ./Core/Src/main.o
 .debug_info    0x0000000000002316      0xb22 ./Core/Src/picohttpparser.o
 .debug_info    0x0000000000002e38     0x1251 ./Core/Src/ssd1306.o
 .debug_info    0x0000000000004089      0xbe2 ./Core/Src/stm32f1xx_hal_msp.o
 .debug_info    0x0000000000004c6b      0x122 ./Core/Src/stm32f1xx_it.o
 .debug_info    0x0000000000004d8d      0x171 ./Core/Src/sysmem.o
 .debug_info    0x0000000000004efe      0x23d ./Core/Src/system_stm32f1xx.o
 .debug_info    0x000000000000513b      0x6b7 ./Core/Src/uart_utils.o
 .debug_info    0x00000000000057f2       0x22 ./Core/Startup/startup_stm32f103c8tx.o
 .debug_info    0x0000000000005814      0x734 ./Drivers/STM32F1xx_HAL_Driver/Src/stm32f1xx_hal.o
 .debug_info    0x0000000000005f48      0xb20 ./Drivers/STM32F1xx_HAL_Driver/Src/stm32f1xx_hal_cortex.o
 .debug_info    0x0000000000006a68      0x615 ./Drivers/STM32F1xx_HAL_Driver/Src/stm32f1xx_hal_gpio.o
 .debug_info    0x000000000000707d     0x2771 ./Drivers/STM32F1xx_HAL_Driver/Src/stm32f1xx_hal_i2c.o
 .debug_info    0x00000000000097ee      0x865 ./Drivers/STM32F1xx_HAL_Driver/Src/stm32f1xx_hal_rcc.o
 .debug_info    0x000000000000a053     0x30f2 ./Drivers/STM32F1xx_HAL_Driver/Src/stm32f1xx_hal_uart.o

.debug_abbrev   0x0000000000000000     0x24cb
 .debug_abbrev  0x0000000000000000       0xad ./Core/Src/font.o
 .debug_abbrev  0x00000000000000ad      0x1ca ./Core/Src/http.o
 .debug_abbrev  0x0000000000000277      0x191 ./Core/Src/http_parser.o
 .debug_abbrev  0x0000000000000408      0x1e8 ./Core/Src/http_response.o
 .debug_abbrev  0x00000000000005f0      0x1ef ./Core/Src/led_control.o
 .debug_abbrev  0x00000000000007df      0x284 ./Core/Src/main.o
 .debug_abbrev  0x0000000000000a63      0x287 ./Core/Src/picohttpparser.o
 .debug_abbrev  0x0000000000000cea      0x33c ./Core/Src/ssd1306.o
 .debug_abbrev  0x0000000000001026      0x19b ./Core/Src/stm32f1xx_hal_msp.o
 .debug_abbrev  0x00000000000011c1       0x74 ./Core/Src/stm32f1xx_it.o
 .debug_abbrev  0x0000000000001235       0xbb ./Core/Src/sysmem.o
 .debug_abbrev  0x00000000000012f0      0x13b ./Core/Src/system_stm32f1xx.o
 .debug_abbrev  0x000000000000142b      0x1dc ./Core/Src/uart_utils.o
 .debug_abbrev  0x0000000000001607       0x12 ./Core/Startup/startup_stm32f103c8tx.o
 .debug_abbrev  0x0000000000001619      0x1fb ./Drivers/STM32F1xx_HAL_Driver/Src/stm32f1xx_hal.o
 .debug_abbrev  0x0000000000001814      0x2ed ./Drivers/STM32F1xx_HAL_Driver/Src/stm32f1xx_hal_cortex.o
 .debug_abbrev  0x0000000000001b01      0x1bb ./Drivers/STM32F1xx_HAL_Driver/Src/stm32f1xx_hal_gpio.o
 .debug_abbrev  0x0000000000001cbc      0x288 ./Drivers/STM32F1xx_HAL_Driver/Src/stm32f1xx_hal_i2c.o
 .debug_abbrev  0x0000000000001f44      0x2a8 ./Drivers/STM32F1xx_HAL_Driver/Src/stm32f1xx_hal_rcc.o
 .debug_abbrev  0x00000000000021ec      0x2df ./Drivers/STM32F1xx_HAL_Driver/Src/stm32f1xx_hal_uart.o

.debug_aranges  0x0000000000000000      0xbd0
 .debug_aranges
                0x0000000000000000       0x18 ./Core/Src/font.o
 .debug_aranges
                0x0000000000000018       0x48 ./Core/Src/http.o
 .debug_aranges
                0x0000000000000060       0x40 ./Core/Src/http_parser.o
 .debug_aranges
                0x00000000000000a0       0x30 ./Core/Src/http_response.o
 .debug_aranges
                0x00000000000000d0       0x28 ./Core/Src/led_control.o
 .debug_aranges
                0x00000000000000f8       0x50 ./Core/Src/main.o
 .debug_aranges
                0x0000000000000148       0x88 ./Core/Src/picohttpparser.o
 .debug_aranges
                0x00000000000001d0      0x138 ./Core/Src/ssd1306.o
 .debug_aranges
                0x0000000000000308       0x40 ./Core/Src/stm32f1xx_hal_msp.o
 .debug_aranges
                0x0000000000000348       0x60 ./Core/Src/stm32f1xx_it.o
 .debug_aranges
                0x00000000000003a8       0x20 ./Core/Src/sysmem.o
 .debug_aranges
                0x00000000000003c8       0x28 ./Core/Src/system_stm32f1xx.o
 .debug_aranges
                0x00000000000003f0       0x40 ./Core/Src/uart_utils.o
 .debug_aranges
                0x0000000000000430       0x28 ./Core/Startup/startup_stm32f103c8tx.o
 .debug_aranges
                0x0000000000000458       0xe0 ./Drivers/STM32F1xx_HAL_Driver/Src/stm32f1xx_hal.o
 .debug_aranges
                0x0000000000000538      0x100 ./Drivers/STM32F1xx_HAL_Driver/Src/stm32f1xx_hal_cortex.o
 .debug_aranges
                0x0000000000000638       0x58 ./Drivers/STM32F1xx_HAL_Driver/Src/stm32f1xx_hal_gpio.o
 .debug_aranges
                0x0000000000000690      0x2a8 ./Drivers/STM32F1xx_HAL_Driver/Src/stm32f1xx_hal_i2c.o
 .debug_aranges
                0x0000000000000938       0x90 ./Drivers/STM32F1xx_HAL_Driver/Src/stm32f1xx_hal_rcc.o
 .debug_aranges
                0x00000000000009c8      0x208 ./Drivers/STM32F1xx_HAL_Driver/Src/stm32f1xx_hal_uart.o

.debug_macro    0x0000000000000000    0x18f08
 .debug_macro   0x0000000000000000       0x6d ./Core/Src/font.o
 .debug_macro   0x000000000000006d      0xa6c ./Core/Src/font.o
 .debug_macro   0x0000000000000ad9       0x22 ./Core/Src/font.o
 .debug_macro   0x0000000000000afb       0x8e ./Core/Src/font.o
 .debug_macro   0x0000000000000b89       0x51 ./Core/Src/font.o
 .debug_macro   0x0000000000000bda      0x103 ./Core/Src/font.o
 .debug_macro   0x0000000000000cdd       0x6a ./Core/Src/font.o
 .debug_macro   0x0000000000000d47      0x1df ./Core/Src/font.o
 .debug_macro   0x0000000000000f26      0x390 ./Core/Src/http.o
 .debug_macro   0x00000000000012b6       0x18 ./Core/Src/http.o
 .debug_macro   0x00000000000012ce       0x4c ./Core/Src/http.o
 .debug_macro   0x000000000000131a       0x94 ./Core/Src/http.o
 .debug_macro   0x00000000000013ae       0x3c ./Core/Src/http.o
 .debug_macro   0x00000000000013ea       0x34 ./Core/Src/http.o
 .debug_macro   0x000000000000141e       0x16 ./Core/Src/http.o
 .debug_macro   0x0000000000001434      0x10e ./Core/Src/http.o
 .debug_macro   0x0000000000001542       0x8d ./Core/Src/http.o
 .debug_macro   0x00000000000015cf       0x16 ./Core/Src/http.o
 .debug_macro   0x00000000000015e5       0x43 ./Core/Src/http.o
 .debug_macro   0x0000000000001628       0x57 ./Core/Src/http.o
 .debug_macro   0x000000000000167f       0x34 ./Core/Src/http.o
 .debug_macro   0x00000000000016b3       0x10 ./Core/Src/http.o
 .debug_macro   0x00000000000016c3       0x58 ./Core/Src/http.o
 .debug_macro   0x000000000000171b       0x71 ./Core/Src/http.o
 .debug_macro   0x000000000000178c       0x1c ./Core/Src/http.o
 .debug_macro   0x00000000000017a8      0x12a ./Core/Src/http.o
 .debug_macro   0x00000000000018d2      0x341 ./Core/Src/http.o
 .debug_macro   0x0000000000001c13       0x16 ./Core/Src/http.o
 .debug_macro   0x0000000000001c29       0x29 ./Core/Src/http.o
 .debug_macro   0x0000000000001c52       0x35 ./Core/Src/http.o
 .debug_macro   0x0000000000001c87      0x460 ./Core/Src/http.o
 .debug_macro   0x00000000000020e7       0x10 ./Core/Src/http.o
 .debug_macro   0x00000000000020f7       0x1c ./Core/Src/http.o
 .debug_macro   0x0000000000002113       0x52 ./Core/Src/http.o
 .debug_macro   0x0000000000002165       0x22 ./Core/Src/http.o
 .debug_macro   0x0000000000002187       0x10 ./Core/Src/http.o
 .debug_macro   0x0000000000002197       0x52 ./Core/Src/http.o
 .debug_macro   0x00000000000021e9       0xd5 ./Core/Src/http.o
 .debug_macro   0x00000000000022be       0x1c ./Core/Src/http.o
 .debug_macro   0x00000000000022da       0x3d ./Core/Src/http.o
 .debug_macro   0x0000000000002317       0x16 ./Core/Src/http.o
 .debug_macro   0x000000000000232d       0x20 ./Core/Src/http.o
 .debug_macro   0x000000000000234d      0x21b ./Core/Src/http.o
 .debug_macro   0x0000000000002568       0x2e ./Core/Src/http.o
 .debug_macro   0x0000000000002596       0x22 ./Core/Src/http.o
 .debug_macro   0x00000000000025b8       0x1c ./Core/Src/http.o
 .debug_macro   0x00000000000025d4       0x22 ./Core/Src/http.o
 .debug_macro   0x00000000000025f6       0xbd ./Core/Src/http.o
 .debug_macro   0x00000000000026b3      0xd23 ./Core/Src/http.o
 .debug_macro   0x00000000000033d6     0xe09e ./Core/Src/http.o
 .debug_macro   0x0000000000011474       0x6d ./Core/Src/http.o
 .debug_macro   0x00000000000114e1     0x34a2 ./Core/Src/http.o
 .debug_macro   0x0000000000014983       0x56 ./Core/Src/http.o
 .debug_macro   0x00000000000149d9      0x5bc ./Core/Src/http.o
 .debug_macro   0x0000000000014f95      0x289 ./Core/Src/http.o
 .debug_macro   0x000000000001521e      0x1cb ./Core/Src/http.o
 .debug_macro   0x00000000000153e9      0x114 ./Core/Src/http.o
 .debug_macro   0x00000000000154fd      0x1b2 ./Core/Src/http.o
 .debug_macro   0x00000000000156af       0x27 ./Core/Src/http.o
 .debug_macro   0x00000000000156d6      0x136 ./Core/Src/http.o
 .debug_macro   0x000000000001580c      0x1bc ./Core/Src/http.o
 .debug_macro   0x00000000000159c8       0x34 ./Core/Src/http.o
 .debug_macro   0x00000000000159fc       0x3c ./Core/Src/http.o
 .debug_macro   0x0000000000015a38       0x57 ./Core/Src/http.o
 .debug_macro   0x0000000000015a8f       0x87 ./Core/Src/http.o
 .debug_macro   0x0000000000015b16      0x240 ./Core/Src/http.o
 .debug_macro   0x0000000000015d56      0x287 ./Core/Src/http.o
 .debug_macro   0x0000000000015fdd      0x140 ./Core/Src/http.o
 .debug_macro   0x000000000001611d      0x28e ./Core/Src/http.o
 .debug_macro   0x00000000000163ab       0x83 ./Core/Src/http.o
 .debug_macro   0x000000000001642e       0x10 ./Core/Src/http.o
 .debug_macro   0x000000000001643e       0x10 ./Core/Src/http.o
 .debug_macro   0x000000000001644e       0x1c ./Core/Src/http.o
 .debug_macro   0x000000000001646a       0xd0 ./Core/Src/http.o
 .debug_macro   0x000000000001653a      0x209 ./Core/Src/http_parser.o
 .debug_macro   0x0000000000016743       0x22 ./Core/Src/http_parser.o
 .debug_macro   0x0000000000016765      0x28f ./Core/Src/http_response.o
 .debug_macro   0x00000000000169f4       0x3a ./Core/Src/http_response.o
 .debug_macro   0x0000000000016a2e       0x82 ./Core/Src/http_response.o
 .debug_macro   0x0000000000016ab0       0x9e ./Core/Src/http_response.o
 .debug_macro   0x0000000000016b4e      0x339 ./Core/Src/led_control.o
 .debug_macro   0x0000000000016e87       0x16 ./Core/Src/led_control.o
 .debug_macro   0x0000000000016e9d      0x384 ./Core/Src/main.o
 .debug_macro   0x0000000000017221      0x174 ./Core/Src/main.o
 .debug_macro   0x0000000000017395       0x5c ./Core/Src/main.o
 .debug_macro   0x00000000000173f1       0x52 ./Core/Src/main.o
 .debug_macro   0x0000000000017443       0x10 ./Core/Src/main.o
 .debug_macro   0x0000000000017453      0x22e ./Core/Src/picohttpparser.o
 .debug_macro   0x0000000000017681       0x16 ./Core/Src/picohttpparser.o
 .debug_macro   0x0000000000017697       0x10 ./Core/Src/picohttpparser.o
 .debug_macro   0x00000000000176a7      0x2c0 ./Core/Src/ssd1306.o
 .debug_macro   0x0000000000017967      0x1a2 ./Core/Src/stm32f1xx_hal_msp.o
 .debug_macro   0x0000000000017b09      0x1ac ./Core/Src/stm32f1xx_it.o
 .debug_macro   0x0000000000017cb5       0xff ./Core/Src/sysmem.o
 .debug_macro   0x0000000000017db4      0x23b ./Core/Src/sysmem.o
 .debug_macro   0x0000000000017fef      0x198 ./Core/Src/system_stm32f1xx.o
 .debug_macro   0x0000000000018187      0x1fd ./Core/Src/uart_utils.o
 .debug_macro   0x0000000000018384      0x104 ./Core/Src/uart_utils.o
 .debug_macro   0x0000000000018488      0x1bc ./Drivers/STM32F1xx_HAL_Driver/Src/stm32f1xx_hal.o
 .debug_macro   0x0000000000018644      0x198 ./Drivers/STM32F1xx_HAL_Driver/Src/stm32f1xx_hal_cortex.o
 .debug_macro   0x00000000000187dc      0x203 ./Drivers/STM32F1xx_HAL_Driver/Src/stm32f1xx_hal_gpio.o
 .debug_macro   0x00000000000189df      0x1e6 ./Drivers/STM32F1xx_HAL_Driver/Src/stm32f1xx_hal_i2c.o
 .debug_macro   0x0000000000018bc5      0x1aa ./Drivers/STM32F1xx_HAL_Driver/Src/stm32f1xx_hal_rcc.o
 .debug_macro   0x0000000000018d6f      0x199 ./Drivers/STM32F1xx_HAL_Driver/Src/stm32f1xx_hal_uart.o

.debug_line     0x0000000000000000     0xf9e7
 .debug_line    0x0000000000000000      0x33a ./Core/Src/font.o
 .debug_line    0x000000000000033a      0x946 ./Core/Src/http.o
 .debug_line    0x0000000000000c80      0x680 ./Core/Src/http_parser.o
 .debug_line    0x0000000000001300      0x807 ./Core/Src/http_response.o
 .debug_line    0x0000000000001b07      0x86d ./Core/Src/led_control.o
 .debug_line    0x0000000000002374      0x9ca ./Core/Src/main.o
 .debug_line    0x0000000000002d3e      0xdcd ./Core/Src/picohttpparser.o
 .debug_line    0x0000000000003b0b     0x1247 ./Core/Src/ssd1306.o
 .debug_line    0x0000000000004d52      0x6e9 ./Core/Src/stm32f1xx_hal_msp.o
 .debug_line    0x000000000000543b      0x6d6 ./Core/Src/stm32f1xx_it.o
 .debug_line    0x0000000000005b11      0x495 ./Core/Src/sysmem.o
 .debug_line    0x0000000000005fa6      0x692 ./Core/Src/system_stm32f1xx.o
 .debug_line    0x0000000000006638      0x7c5 ./Core/Src/uart_utils.o
 .debug_line    0x0000000000006dfd       0x86 ./Core/Startup/startup_stm32f103c8tx.o
 .debug_line    0x0000000000006e83      0x8bf ./Drivers/STM32F1xx_HAL_Driver/Src/stm32f1xx_hal.o
 .debug_line    0x0000000000007742      0xaa7 ./Drivers/STM32F1xx_HAL_Driver/Src/stm32f1xx_hal_cortex.o
 .debug_line    0x00000000000081e9      0x958 ./Drivers/STM32F1xx_HAL_Driver/Src/stm32f1xx_hal_gpio.o
 .debug_line    0x0000000000008b41     0x3a55 ./Drivers/STM32F1xx_HAL_Driver/Src/stm32f1xx_hal_i2c.o
 .debug_line    0x000000000000c596      0xccb ./Drivers/STM32F1xx_HAL_Driver/Src/stm32f1xx_hal_rcc.o
 .debug_line    0x000000000000d261     0x2786 ./Drivers/STM32F1xx_HAL_Driver/Src/stm32f1xx_hal_uart.o

.debug_str      0x0000000000000000    0x86e8f
 .debug_str     0x0000000000000000     0x3ae3 ./Core/Src/font.o
                                       0x3c59 (size before relaxing)
 .debug_str     0x0000000000003ae3    0x7f65f ./Core/Src/http.o
                                      0x83483 (size before relaxing)
 .debug_str     0x0000000000083142       0xca ./Core/Src/http_parser.o
                                       0x8951 (size before relaxing)
 .debug_str     0x000000000008320c      0x483 ./Core/Src/http_response.o
                                      0x825a4 (size before relaxing)
 .debug_str     0x000000000008368f       0x99 ./Core/Src/led_control.o
                                      0x82b96 (size before relaxing)
 .debug_str     0x0000000000083728      0x4e7 ./Core/Src/main.o
                                      0x83afb (size before relaxing)
 .debug_str     0x0000000000083c0f      0x797 ./Core/Src/picohttpparser.o
                                       0x7f2b (size before relaxing)
 .debug_str     0x00000000000843a6      0x3df ./Core/Src/ssd1306.o
                                      0x81c8e (size before relaxing)
 .debug_str     0x0000000000084785       0xbb ./Core/Src/stm32f1xx_hal_msp.o
                                      0x7e874 (size before relaxing)
 .debug_str     0x0000000000084840       0xc9 ./Core/Src/stm32f1xx_it.o
                                      0x7e16c (size before relaxing)
 .debug_str     0x0000000000084909      0x4da ./Core/Src/sysmem.o
                                       0x5d79 (size before relaxing)
 .debug_str     0x0000000000084de3       0x7e ./Core/Src/system_stm32f1xx.o
                                      0x7e182 (size before relaxing)
 .debug_str     0x0000000000084e61       0x8b ./Core/Src/uart_utils.o
                                      0x7f93b (size before relaxing)
 .debug_str     0x0000000000084eec       0x36 ./Core/Startup/startup_stm32f103c8tx.o
                                         0x7b (size before relaxing)
 .debug_str     0x0000000000084f22      0x607 ./Drivers/STM32F1xx_HAL_Driver/Src/stm32f1xx_hal.o
                                      0x7e8b5 (size before relaxing)
 .debug_str     0x0000000000085529      0x2bb ./Drivers/STM32F1xx_HAL_Driver/Src/stm32f1xx_hal_cortex.o
                                      0x7e801 (size before relaxing)
 .debug_str     0x00000000000857e4      0x2e6 ./Drivers/STM32F1xx_HAL_Driver/Src/stm32f1xx_hal_gpio.o
                                      0x7e508 (size before relaxing)
 .debug_str     0x0000000000085aca      0xbb2 ./Drivers/STM32F1xx_HAL_Driver/Src/stm32f1xx_hal_i2c.o
                                      0x7f249 (size before relaxing)
 .debug_str     0x000000000008667c      0x209 ./Drivers/STM32F1xx_HAL_Driver/Src/stm32f1xx_hal_rcc.o
                                      0x7e5b1 (size before relaxing)
 .debug_str     0x0000000000086885      0x60a ./Drivers/STM32F1xx_HAL_Driver/Src/stm32f1xx_hal_uart.o
                                      0x7ec22 (size before relaxing)

.comment        0x0000000000000000       0x50
 .comment       0x0000000000000000       0x50 ./Core/Src/font.o
                                         0x51 (size before relaxing)
 .comment       0x0000000000000050       0x51 ./Core/Src/http.o
 .comment       0x0000000000000050       0x51 ./Core/Src/http_parser.o
 .comment       0x0000000000000050       0x51 ./Core/Src/http_response.o
 .comment       0x0000000000000050       0x51 ./Core/Src/led_control.o
 .comment       0x0000000000000050       0x51 ./Core/Src/main.o
 .comment       0x0000000000000050       0x51 ./Core/Src/picohttpparser.o
 .comment       0x0000000000000050       0x51 ./Core/Src/ssd1306.o
 .comment       0x0000000000000050       0x51 ./Core/Src/stm32f1xx_hal_msp.o
 .comment       0x0000000000000050       0x51 ./Core/Src/stm32f1xx_it.o
 .comment       0x0000000000000050       0x51 ./Core/Src/sysmem.o
 .comment       0x0000000000000050       0x51 ./Core/Src/system_stm32f1xx.o
 .comment       0x0000000000000050       0x51 ./Core/Src/uart_utils.o
 .comment       0x0000000000000050       0x51 ./Drivers/STM32F1xx_HAL_Driver/Src/stm32f1xx_hal.o
 .comment       0x0000000000000050       0x51 ./Drivers/STM32F1xx_HAL_Driver/Src/stm32f1xx_hal_cortex.o
 .comment       0x0000000000000050       0x51 ./Drivers/STM32F1xx_HAL_Driver/Src/stm32f1xx_hal_gpio.o
 .comment       0x0000000000000050       0x51 ./Drivers/STM32F1xx_HAL_Driver/Src/stm32f1xx_hal_i2c.o
 .comment       0x0000000000000050       0x51 ./Drivers/STM32F1xx_HAL_Driver/Src/stm32f1xx_hal_rcc.o
 .comment       0x0000000000000050       0x51 ./Drivers/STM32F1xx_HAL_Driver/Src/stm32f1xx_hal_uart.o

.debug_ranges   0x0000000000000000      0xb40
 .debug_ranges  0x0000000000000000       0x50 ./Core/Src/http.o
 .debug_ranges  0x0000000000000050       0x30 ./Core/Src/http_parser.o
 .debug_ranges  0x0000000000000080       0x20 ./Core/Src/http_response.o
 .debug_ranges  0x00000000000000a0       0x18 ./Core/Src/led_control.o
 .debug_ranges  0x00000000000000b8       0x40 ./Core/Src/main.o
 .debug_ranges  0x00000000000000f8       0xc8 ./Core/Src/picohttpparser.o
 .debug_ranges  0x00000000000001c0      0x128 ./Core/Src/ssd1306.o
 .debug_ranges  0x00000000000002e8       0x30 ./Core/Src/stm32f1xx_hal_msp.o
 .debug_ranges  0x0000000000000318       0x50 ./Core/Src/stm32f1xx_it.o
 .debug_ranges  0x0000000000000368       0x10 ./Core/Src/sysmem.o
 .debug_ranges  0x0000000000000378       0x18 ./Core/Src/system_stm32f1xx.o
 .debug_ranges  0x0000000000000390       0x30 ./Core/Src/uart_utils.o
 .debug_ranges  0x00000000000003c0       0x20 ./Core/Startup/startup_stm32f103c8tx.o
 .debug_ranges  0x00000000000003e0       0xd0 ./Drivers/STM32F1xx_HAL_Driver/Src/stm32f1xx_hal.o
 .debug_ranges  0x00000000000004b0       0xf0 ./Drivers/STM32F1xx_HAL_Driver/Src/stm32f1xx_hal_cortex.o
 .debug_ranges  0x00000000000005a0       0x48 ./Drivers/STM32F1xx_HAL_Driver/Src/stm32f1xx_hal_gpio.o
 .debug_ranges  0x00000000000005e8      0x2b0 ./Drivers/STM32F1xx_HAL_Driver/Src/stm32f1xx_hal_i2c.o
 .debug_ranges  0x0000000000000898       0x80 ./Drivers/STM32F1xx_HAL_Driver/Src/stm32f1xx_hal_rcc.o
 .debug_ranges  0x0000000000000918      0x228 ./Drivers/STM32F1xx_HAL_Driver/Src/stm32f1xx_hal_uart.o

.debug_frame    0x0000000000000000     0x3514
 .debug_frame   0x0000000000000000       0xe4 ./Core/Src/http.o
 .debug_frame   0x00000000000000e4       0xd0 ./Core/Src/http_parser.o
 .debug_frame   0x00000000000001b4       0x80 ./Core/Src/http_response.o
 .debug_frame   0x0000000000000234       0x5c ./Core/Src/led_control.o
 .debug_frame   0x0000000000000290       0xe0 ./Core/Src/main.o
 .debug_frame   0x0000000000000370      0x248 ./Core/Src/picohttpparser.o
 .debug_frame   0x00000000000005b8      0x508 ./Core/Src/ssd1306.o
 .debug_frame   0x0000000000000ac0       0xc8 ./Core/Src/stm32f1xx_hal_msp.o
 .debug_frame   0x0000000000000b88      0x104 ./Core/Src/stm32f1xx_it.o
 .debug_frame   0x0000000000000c8c       0x34 ./Core/Src/sysmem.o
 .debug_frame   0x0000000000000cc0       0x58 ./Core/Src/system_stm32f1xx.o
 .debug_frame   0x0000000000000d18       0xc4 ./Core/Src/uart_utils.o
 .debug_frame   0x0000000000000ddc      0x334 ./Drivers/STM32F1xx_HAL_Driver/Src/stm32f1xx_hal.o
 .debug_frame   0x0000000000001110      0x428 ./Drivers/STM32F1xx_HAL_Driver/Src/stm32f1xx_hal_cortex.o
 .debug_frame   0x0000000000001538      0x14c ./Drivers/STM32F1xx_HAL_Driver/Src/stm32f1xx_hal_gpio.o
 .debug_frame   0x0000000000001684      0xc84 ./Drivers/STM32F1xx_HAL_Driver/Src/stm32f1xx_hal_i2c.o
 .debug_frame   0x0000000000002308      0x218 ./Drivers/STM32F1xx_HAL_Driver/Src/stm32f1xx_hal_rcc.o
 .debug_frame   0x0000000000002520      0x944 ./Drivers/STM32F1xx_HAL_Driver/Src/stm32f1xx_hal_uart.o
 .debug_frame   0x0000000000002e64       0x20 /app/stm32cubeide/plugins/com.st.stm32cube.ide.mcu.externaltools.gnu-tools-for-stm32.10.3-2021.10.linux64_1.0.200.202301161003/tools/bin/../lib/gcc/arm-none-eabi/10.3.1/../../../../arm-none-eabi/lib/thumb/v7-m/nofp/libc_nano.a(lib_a-calloc.o)
 .debug_frame   0x0000000000002e84       0x20 /app/stm32cubeide/plugins/com.st.stm32cube.ide.mcu.externaltools.gnu-tools-for-stm32.10.3-2021.10.linux64_1.0.200.202301161003/tools/bin/../lib/gcc/arm-none-eabi/10.3.1/../../../../arm-none-eabi/lib/thumb/v7-m/nofp/libc_nano.a(lib_a-errno.o)
 .debug_frame   0x0000000000002ea4       0x2c /app/stm32cubeide/plugins/com.st.stm32cube.ide.mcu.externaltools.gnu-tools-for-stm32.10.3-2021.10.linux64_1.0.200.202301161003/tools/bin/../lib/gcc/arm-none-eabi/10.3.1/../../../../arm-none-eabi/lib/thumb/v7-m/nofp/libc_nano.a(lib_a-init.o)
 .debug_frame   0x0000000000002ed0       0x30 /app/stm32cubeide/plugins/com.st.stm32cube.ide.mcu.externaltools.gnu-tools-for-stm32.10.3-2021.10.linux64_1.0.200.202301161003/tools/bin/../lib/gcc/arm-none-eabi/10.3.1/../../../../arm-none-eabi/lib/thumb/v7-m/nofp/libc_nano.a(lib_a-malloc.o)
 .debug_frame   0x0000000000002f00       0x28 /app/stm32cubeide/plugins/com.st.stm32cube.ide.mcu.externaltools.gnu-tools-for-stm32.10.3-2021.10.linux64_1.0.200.202301161003/tools/bin/../lib/gcc/arm-none-eabi/10.3.1/../../../../arm-none-eabi/lib/thumb/v7-m/nofp/libc_nano.a(lib_a-memcmp.o)
 .debug_frame   0x0000000000002f28       0x28 /app/stm32cubeide/plugins/com.st.stm32cube.ide.mcu.externaltools.gnu-tools-for-stm32.10.3-2021.10.linux64_1.0.200.202301161003/tools/bin/../lib/gcc/arm-none-eabi/10.3.1/../../../../arm-none-eabi/lib/thumb/v7-m/nofp/libc_nano.a(lib_a-memmove.o)
 .debug_frame   0x0000000000002f50       0x20 /app/stm32cubeide/plugins/com.st.stm32cube.ide.mcu.externaltools.gnu-tools-for-stm32.10.3-2021.10.linux64_1.0.200.202301161003/tools/bin/../lib/gcc/arm-none-eabi/10.3.1/../../../../arm-none-eabi/lib/thumb/v7-m/nofp/libc_nano.a(lib_a-memset.o)
 .debug_frame   0x0000000000002f70       0x2c /app/stm32cubeide/plugins/com.st.stm32cube.ide.mcu.externaltools.gnu-tools-for-stm32.10.3-2021.10.linux64_1.0.200.202301161003/tools/bin/../lib/gcc/arm-none-eabi/10.3.1/../../../../arm-none-eabi/lib/thumb/v7-m/nofp/libc_nano.a(lib_a-nano-callocr.o)
 .debug_frame   0x0000000000002f9c       0x38 /app/stm32cubeide/plugins/com.st.stm32cube.ide.mcu.externaltools.gnu-tools-for-stm32.10.3-2021.10.linux64_1.0.200.202301161003/tools/bin/../lib/gcc/arm-none-eabi/10.3.1/../../../../arm-none-eabi/lib/thumb/v7-m/nofp/libc_nano.a(lib_a-nano-freer.o)
 .debug_frame   0x0000000000002fd4       0x4c /app/stm32cubeide/plugins/com.st.stm32cube.ide.mcu.externaltools.gnu-tools-for-stm32.10.3-2021.10.linux64_1.0.200.202301161003/tools/bin/../lib/gcc/arm-none-eabi/10.3.1/../../../../arm-none-eabi/lib/thumb/v7-m/nofp/libc_nano.a(lib_a-nano-mallocr.o)
 .debug_frame   0x0000000000003020       0x60 /app/stm32cubeide/plugins/com.st.stm32cube.ide.mcu.externaltools.gnu-tools-for-stm32.10.3-2021.10.linux64_1.0.200.202301161003/tools/bin/../lib/gcc/arm-none-eabi/10.3.1/../../../../arm-none-eabi/lib/thumb/v7-m/nofp/libc_nano.a(lib_a-nano-vfprintf_i.o)
 .debug_frame   0x0000000000003080       0x2c /app/stm32cubeide/plugins/com.st.stm32cube.ide.mcu.externaltools.gnu-tools-for-stm32.10.3-2021.10.linux64_1.0.200.202301161003/tools/bin/../lib/gcc/arm-none-eabi/10.3.1/../../../../arm-none-eabi/lib/thumb/v7-m/nofp/libc_nano.a(lib_a-sbrkr.o)
 .debug_frame   0x00000000000030ac       0x7c /app/stm32cubeide/plugins/com.st.stm32cube.ide.mcu.externaltools.gnu-tools-for-stm32.10.3-2021.10.linux64_1.0.200.202301161003/tools/bin/../lib/gcc/arm-none-eabi/10.3.1/../../../../arm-none-eabi/lib/thumb/v7-m/nofp/libc_nano.a(lib_a-snprintf.o)
 .debug_frame   0x0000000000003128       0x28 /app/stm32cubeide/plugins/com.st.stm32cube.ide.mcu.externaltools.gnu-tools-for-stm32.10.3-2021.10.linux64_1.0.200.202301161003/tools/bin/../lib/gcc/arm-none-eabi/10.3.1/../../../../arm-none-eabi/lib/thumb/v7-m/nofp/libc_nano.a(lib_a-strncmp.o)
 .debug_frame   0x0000000000003150      0x14c /app/stm32cubeide/plugins/com.st.stm32cube.ide.mcu.externaltools.gnu-tools-for-stm32.10.3-2021.10.linux64_1.0.200.202301161003/tools/bin/../lib/gcc/arm-none-eabi/10.3.1/../../../../arm-none-eabi/lib/thumb/v7-m/nofp/libc_nano.a(lib_a-findfp.o)
 .debug_frame   0x000000000000329c       0xb0 /app/stm32cubeide/plugins/com.st.stm32cube.ide.mcu.externaltools.gnu-tools-for-stm32.10.3-2021.10.linux64_1.0.200.202301161003/tools/bin/../lib/gcc/arm-none-eabi/10.3.1/../../../../arm-none-eabi/lib/thumb/v7-m/nofp/libc_nano.a(lib_a-lock.o)
 .debug_frame   0x000000000000334c       0x28 /app/stm32cubeide/plugins/com.st.stm32cube.ide.mcu.externaltools.gnu-tools-for-stm32.10.3-2021.10.linux64_1.0.200.202301161003/tools/bin/../lib/gcc/arm-none-eabi/10.3.1/../../../../arm-none-eabi/lib/thumb/v7-m/nofp/libc_nano.a(lib_a-memchr-stub.o)
 .debug_frame   0x0000000000003374       0x28 /app/stm32cubeide/plugins/com.st.stm32cube.ide.mcu.externaltools.gnu-tools-for-stm32.10.3-2021.10.linux64_1.0.200.202301161003/tools/bin/../lib/gcc/arm-none-eabi/10.3.1/../../../../arm-none-eabi/lib/thumb/v7-m/nofp/libc_nano.a(lib_a-memcpy-stub.o)
 .debug_frame   0x000000000000339c       0x30 /app/stm32cubeide/plugins/com.st.stm32cube.ide.mcu.externaltools.gnu-tools-for-stm32.10.3-2021.10.linux64_1.0.200.202301161003/tools/bin/../lib/gcc/arm-none-eabi/10.3.1/../../../../arm-none-eabi/lib/thumb/v7-m/nofp/libc_nano.a(lib_a-mlock.o)
 .debug_frame   0x00000000000033cc       0x3c /app/stm32cubeide/plugins/com.st.stm32cube.ide.mcu.externaltools.gnu-tools-for-stm32.10.3-2021.10.linux64_1.0.200.202301161003/tools/bin/../lib/gcc/arm-none-eabi/10.3.1/../../../../arm-none-eabi/lib/thumb/v7-m/nofp/libc_nano.a(lib_a-nano-reallocr.o)
 .debug_frame   0x0000000000003408       0x90 /app/stm32cubeide/plugins/com.st.stm32cube.ide.mcu.externaltools.gnu-tools-for-stm32.10.3-2021.10.linux64_1.0.200.202301161003/tools/bin/../lib/gcc/arm-none-eabi/10.3.1/../../../../arm-none-eabi/lib/thumb/v7-m/nofp/libc_nano.a(lib_a-nano-svfprintf.o)
 .debug_frame   0x0000000000003498       0x5c /app/stm32cubeide/plugins/com.st.stm32cube.ide.mcu.externaltools.gnu-tools-for-stm32.10.3-2021.10.linux64_1.0.200.202301161003/tools/bin/../lib/gcc/arm-none-eabi/10.3.1/../../../../arm-none-eabi/lib/thumb/v7-m/nofp/libc_nano.a(lib_a-reent.o)
 .debug_frame   0x00000000000034f4       0x20 /app/stm32cubeide/plugins/com.st.stm32cube.ide.mcu.externaltools.gnu-tools-for-stm32.10.3-2021.10.linux64_1.0.200.202301161003/tools/bin/../lib/gcc/arm-none-eabi/10.3.1/../../../../arm-none-eabi/lib/thumb/v7-m/nofp/libc_nano.a(lib_a-nano-msizer.o)
